Archive member included to satisfy reference by file (symbol)

d:/qmk_msys/mingw64/bin/../lib/gcc/avr/8.5.0/../../../../avr/lib/avr5\libprintf_min.a(vfprintf_min.o)
                              (--whole-archive)
d:/qmk_msys/mingw64/bin/../lib/gcc/avr/8.5.0/avr5\libgcc.a(_exit.o)
                              d:/qmk_msys/mingw64/bin/../lib/gcc/avr/8.5.0/../../../../avr/lib/avr5/crtatmega32u4.o (exit)
d:/qmk_msys/mingw64/bin/../lib/gcc/avr/8.5.0/avr5\libgcc.a(_prologue.o)
                              d:/qmk_msys/mingw64/bin/../lib/gcc/avr/8.5.0/../../../../avr/lib/avr5\libprintf_min.a(vfprintf_min.o) (__prologue_saves__)
d:/qmk_msys/mingw64/bin/../lib/gcc/avr/8.5.0/avr5\libgcc.a(_epilogue.o)
                              d:/qmk_msys/mingw64/bin/../lib/gcc/avr/8.5.0/../../../../avr/lib/avr5\libprintf_min.a(vfprintf_min.o) (__epilogue_restores__)
d:/qmk_msys/mingw64/bin/../lib/gcc/avr/8.5.0/../../../../avr/lib/avr5\libc.a(strchr_P.o)
                              d:/qmk_msys/mingw64/bin/../lib/gcc/avr/8.5.0/../../../../avr/lib/avr5\libprintf_min.a(vfprintf_min.o) (strchr_P)
d:/qmk_msys/mingw64/bin/../lib/gcc/avr/8.5.0/../../../../avr/lib/avr5\libc.a(fputc.o)
                              d:/qmk_msys/mingw64/bin/../lib/gcc/avr/8.5.0/../../../../avr/lib/avr5\libprintf_min.a(vfprintf_min.o) (fputc)
d:/qmk_msys/mingw64/bin/../lib/gcc/avr/8.5.0/../../../../avr/lib/avr5\libc.a(ultoa_invert.o)
                              d:/qmk_msys/mingw64/bin/../lib/gcc/avr/8.5.0/../../../../avr/lib/avr5\libprintf_min.a(vfprintf_min.o) (__ultoa_invert)
d:/qmk_msys/mingw64/bin/../lib/gcc/avr/8.5.0/../../../../avr/lib/avr5\libatmega32u4.a(eerd_byte.o)
                              .build/obj_tcbk40_default/quantum/eeconfig.o (symbol from plugin) (eeprom_read_byte)
d:/qmk_msys/mingw64/bin/../lib/gcc/avr/8.5.0/../../../../avr/lib/avr5\libatmega32u4.a(eerd_dword.o)
                              .build/obj_tcbk40_default/quantum/eeconfig.o (symbol from plugin) (eeprom_read_dword)
d:/qmk_msys/mingw64/bin/../lib/gcc/avr/8.5.0/../../../../avr/lib/avr5\libatmega32u4.a(eerd_word.o)
                              .build/obj_tcbk40_default/quantum/eeconfig.o (symbol from plugin) (eeprom_read_word)
d:/qmk_msys/mingw64/bin/../lib/gcc/avr/8.5.0/../../../../avr/lib/avr5\libatmega32u4.a(eeupd_byte.o)
                              .build/obj_tcbk40_default/quantum/eeconfig.o (symbol from plugin) (eeprom_update_byte)
d:/qmk_msys/mingw64/bin/../lib/gcc/avr/8.5.0/../../../../avr/lib/avr5\libatmega32u4.a(eeupd_dword.o)
                              .build/obj_tcbk40_default/quantum/eeconfig.o (symbol from plugin) (eeprom_update_dword)
d:/qmk_msys/mingw64/bin/../lib/gcc/avr/8.5.0/../../../../avr/lib/avr5\libatmega32u4.a(eeupd_word.o)
                              .build/obj_tcbk40_default/quantum/eeconfig.o (symbol from plugin) (eeprom_update_word)
d:/qmk_msys/mingw64/bin/../lib/gcc/avr/8.5.0/../../../../avr/lib/avr5\libatmega32u4.a(eerd_block.o)
                              d:/qmk_msys/mingw64/bin/../lib/gcc/avr/8.5.0/../../../../avr/lib/avr5\libatmega32u4.a(eerd_dword.o) (eeprom_read_blraw)
d:/qmk_msys/mingw64/bin/../lib/gcc/avr/8.5.0/avr5\libgcc.a(_divmodqi4.o)
                              C:\Users\Arthu\AppData\Local\Temp\cctgrQJO.ltrans0.ltrans.o (__divmodqi4)
d:/qmk_msys/mingw64/bin/../lib/gcc/avr/8.5.0/avr5\libgcc.a(_udivmodhi4.o)
                              C:\Users\Arthu\AppData\Local\Temp\cctgrQJO.ltrans0.ltrans.o (__udivmodhi4)
d:/qmk_msys/mingw64/bin/../lib/gcc/avr/8.5.0/avr5\libgcc.a(_divmodhi4.o)
                              C:\Users\Arthu\AppData\Local\Temp\cctgrQJO.ltrans0.ltrans.o (__divmodhi4)
d:/qmk_msys/mingw64/bin/../lib/gcc/avr/8.5.0/avr5\libgcc.a(_udivmodsi4.o)
                              C:\Users\Arthu\AppData\Local\Temp\cctgrQJO.ltrans0.ltrans.o (__udivmodsi4)
d:/qmk_msys/mingw64/bin/../lib/gcc/avr/8.5.0/avr5\libgcc.a(_tablejump2.o)
                              C:\Users\Arthu\AppData\Local\Temp\cctgrQJO.ltrans0.ltrans.o (__tablejump2__)
d:/qmk_msys/mingw64/bin/../lib/gcc/avr/8.5.0/avr5\libgcc.a(_copy_data.o)
                              C:\Users\Arthu\AppData\Local\Temp\cctgrQJO.ltrans0.ltrans.o (__do_copy_data)
d:/qmk_msys/mingw64/bin/../lib/gcc/avr/8.5.0/avr5\libgcc.a(_clear_bss.o)
                              C:\Users\Arthu\AppData\Local\Temp\cctgrQJO.ltrans0.ltrans.o (__do_clear_bss)
d:/qmk_msys/mingw64/bin/../lib/gcc/avr/8.5.0/avr5\libgcc.a(_bswapsi2.o)
                              C:\Users\Arthu\AppData\Local\Temp\cctgrQJO.ltrans0.ltrans.o (__bswapsi2)
d:/qmk_msys/mingw64/bin/../lib/gcc/avr/8.5.0/avr5\libgcc.a(_mulhisi3.o)
                              C:\Users\Arthu\AppData\Local\Temp\cctgrQJO.ltrans0.ltrans.o (__mulhisi3)
d:/qmk_msys/mingw64/bin/../lib/gcc/avr/8.5.0/avr5\libgcc.a(_umulhisi3.o)
                              C:\Users\Arthu\AppData\Local\Temp\cctgrQJO.ltrans0.ltrans.o (__umulhisi3)
[...]
Memory Configuration

Name             Origin             Length             Attributes
text             0x0000000000000000 0x0000000000020000 xr
data             0x0000000000800060 0x000000000000ffa0 rw !x
eeprom           0x0000000000810000 0x0000000000010000 rw !x
fuse             0x0000000000820000 0x0000000000000003 rw !x
lock             0x0000000000830000 0x0000000000000400 rw !x
signature        0x0000000000840000 0x0000000000000400 rw !x
user_signatures  0x0000000000850000 0x0000000000000400 rw !x
*default*        0x0000000000000000 0xffffffffffffffff

Linker script and memory map

Address of section .data set to 0x800100
LOAD d:/qmk_msys/mingw64/bin/../lib/gcc/avr/8.5.0/../../../../avr/lib/avr5/crtatmega32u4.o
LOAD .build/obj_tcbk40_default/.build/obj_tcbk40/src/default_keyboard.o
LOAD C:\Users\Arthu\AppData\Local\Temp\ccqlOPzxdebugobj
LOAD C:\Users\Arthu\AppData\Local\Temp\cctgrQJO.ltrans0.ltrans.o
LOAD .build/obj_tcbk40_default/quantum/keymap_introspection.o
LOAD .build/obj_tcbk40_default/quantum/quantum.o
LOAD .build/obj_tcbk40_default/quantum/bitwise.o
LOAD .build/obj_tcbk40_default/quantum/led.o
LOAD .build/obj_tcbk40_default/quantum/action.o
LOAD .build/obj_tcbk40_default/quantum/action_layer.o
LOAD .build/obj_tcbk40_default/quantum/action_tapping.o
LOAD .build/obj_tcbk40_default/quantum/action_util.o
LOAD .build/obj_tcbk40_default/quantum/eeconfig.o
LOAD .build/obj_tcbk40_default/quantum/keyboard.o
LOAD .build/obj_tcbk40_default/quantum/keymap_common.o
LOAD .build/obj_tcbk40_default/quantum/keycode_config.o
LOAD .build/obj_tcbk40_default/quantum/sync_timer.o
LOAD .build/obj_tcbk40_default/quantum/logging/debug.o
LOAD .build/obj_tcbk40_default/quantum/logging/sendchar.o
LOAD .build/obj_tcbk40_default/quantum/bootmagic/bootmagic_lite.o
LOAD .build/obj_tcbk40_default/quantum/bootmagic/magic.o
LOAD .build/obj_tcbk40_default/quantum/matrix_common.o
LOAD .build/obj_tcbk40_default/quantum/matrix.o
LOAD .build/obj_tcbk40_default/quantum/debounce/sym_defer_g.o
LOAD .build/obj_tcbk40_default/quantum/main.o
LOAD .build/obj_tcbk40_default/quantum/color.o
LOAD .build/obj_tcbk40_default/quantum/rgblight/rgblight.o
LOAD .build/obj_tcbk40_default/quantum/process_keycode/process_rgb.o
LOAD .build/obj_tcbk40_default/ws2812.o
LOAD .build/obj_tcbk40_default/quantum/led_tables.o
LOAD .build/obj_tcbk40_default/quantum/via.o
LOAD .build/obj_tcbk40_default/quantum/process_keycode/process_magic.o
LOAD .build/obj_tcbk40_default/quantum/send_string/send_string.o
LOAD .build/obj_tcbk40_default/quantum/dynamic_keymap.o
LOAD .build/obj_tcbk40_default/platforms/avr/xprintf.o
LOAD .build/obj_tcbk40_default/platforms/avr/printf.o
LOAD .build/obj_tcbk40_default/protocol/host.o
LOAD .build/obj_tcbk40_default/protocol/report.o
LOAD .build/obj_tcbk40_default/protocol/usb_device_state.o
LOAD .build/obj_tcbk40_default/protocol/usb_util.o
LOAD .build/obj_tcbk40_default/platforms/suspend.o
LOAD .build/obj_tcbk40_default/platforms/avr/hardware_id.o
LOAD .build/obj_tcbk40_default/platforms/avr/platform.o
LOAD .build/obj_tcbk40_default/platforms/avr/suspend.o
LOAD .build/obj_tcbk40_default/platforms/avr/timer.o
LOAD .build/obj_tcbk40_default/platforms/avr/bootloaders/usbasploader.o
LOAD .build/obj_tcbk40_default/lufa.o
LOAD .build/obj_tcbk40_default/usb_descriptor.o
LOAD .build/obj_tcbk40_default/lib/lufa/LUFA/Drivers/USB/Class/Common/HIDParser.o
LOAD .build/obj_tcbk40_default/lib/lufa/LUFA/Drivers/USB/Core/AVR8/Device_AVR8.o
LOAD .build/obj_tcbk40_default/lib/lufa/LUFA/Drivers/USB/Core/AVR8/EndpointStream_AVR8.o
LOAD .build/obj_tcbk40_default/lib/lufa/LUFA/Drivers/USB/Core/AVR8/Endpoint_AVR8.o
LOAD .build/obj_tcbk40_default/lib/lufa/LUFA/Drivers/USB/Core/AVR8/Host_AVR8.o
LOAD .build/obj_tcbk40_default/lib/lufa/LUFA/Drivers/USB/Core/AVR8/PipeStream_AVR8.o
LOAD .build/obj_tcbk40_default/lib/lufa/LUFA/Drivers/USB/Core/AVR8/Pipe_AVR8.o
LOAD .build/obj_tcbk40_default/lib/lufa/LUFA/Drivers/USB/Core/AVR8/USBController_AVR8.o
LOAD .build/obj_tcbk40_default/lib/lufa/LUFA/Drivers/USB/Core/AVR8/USBInterrupt_AVR8.o
LOAD .build/obj_tcbk40_default/lib/lufa/LUFA/Drivers/USB/Core/ConfigDescriptors.o
LOAD .build/obj_tcbk40_default/lib/lufa/LUFA/Drivers/USB/Core/DeviceStandardReq.o
LOAD .build/obj_tcbk40_default/lib/lufa/LUFA/Drivers/USB/Core/Events.o
LOAD .build/obj_tcbk40_default/lib/lufa/LUFA/Drivers/USB/Core/HostStandardReq.o
LOAD .build/obj_tcbk40_default/lib/lufa/LUFA/Drivers/USB/Core/USBTask.o
LOAD .build/obj_tcbk40_default/protocol/lufa/usb_util.o
LOAD d:/qmk_msys/mingw64/bin/../lib/gcc/avr/8.5.0/../../../../avr/lib/avr5\libprintf_min.a
LOAD d:/qmk_msys/mingw64/bin/../lib/gcc/avr/8.5.0/../../../../avr/lib/avr5\libm.a
START GROUP
LOAD d:/qmk_msys/mingw64/bin/../lib/gcc/avr/8.5.0/avr5\libgcc.a
LOAD d:/qmk_msys/mingw64/bin/../lib/gcc/avr/8.5.0/../../../../avr/lib/avr5\libm.a
LOAD d:/qmk_msys/mingw64/bin/../lib/gcc/avr/8.5.0/../../../../avr/lib/avr5\libc.a
LOAD d:/qmk_msys/mingw64/bin/../lib/gcc/avr/8.5.0/../../../../avr/lib/avr5\libatmega32u4.a
END GROUP
                0x0000000000020000                __TEXT_REGION_LENGTH__ = DEFINED (__TEXT_REGION_LENGTH__)?__TEXT_REGION_LENGTH__:0x20000
                0x000000000000ffa0                __DATA_REGION_LENGTH__ = DEFINED (__DATA_REGION_LENGTH__)?__DATA_REGION_LENGTH__:0xffa0
                0x0000000000010000                __EEPROM_REGION_LENGTH__ = DEFINED (__EEPROM_REGION_LENGTH__)?__EEPROM_REGION_LENGTH__:0x10000
                [0x0000000000000003]                __FUSE_REGION_LENGTH__ = DEFINED (__FUSE_REGION_LENGTH__)?__FUSE_REGION_LENGTH__:0x400
                0x0000000000000400                __LOCK_REGION_LENGTH__ = DEFINED (__LOCK_REGION_LENGTH__)?__LOCK_REGION_LENGTH__:0x400
                0x0000000000000400                __SIGNATURE_REGION_LENGTH__ = DEFINED (__SIGNATURE_REGION_LENGTH__)?__SIGNATURE_REGION_LENGTH__:0x400
                0x0000000000000400                __USER_SIGNATURE_REGION_LENGTH__ = DEFINED (__USER_SIGNATURE_REGION_LENGTH__)?__USER_SIGNATURE_REGION_LENGTH__:0x400

.hash
 *(.hash)

.dynsym
 *(.dynsym)

.dynstr
 *(.dynstr)

.gnu.version
 *(.gnu.version)

.gnu.version_d
 *(.gnu.version_d)

.gnu.version_r
 *(.gnu.version_r)

.rel.init
 *(.rel.init)

.rela.init
 *(.rela.init)

.rel.text
 *(.rel.text)
 *(.rel.text.*)
 *(.rel.gnu.linkonce.t*)

.rela.text
 *(.rela.text)
 *(.rela.text.*)
 *(.rela.gnu.linkonce.t*)

.rel.fini
 *(.rel.fini)

.rela.fini
 *(.rela.fini)

.rel.rodata
 *(.rel.rodata)
 *(.rel.rodata.*)
 *(.rel.gnu.linkonce.r*)

.rela.rodata
 *(.rela.rodata)
 *(.rela.rodata.*)
 *(.rela.gnu.linkonce.r*)

.rel.data
 *(.rel.data)
 *(.rel.data.*)
 *(.rel.gnu.linkonce.d*)

.rela.data
 *(.rela.data)
 *(.rela.data.*)
 *(.rela.gnu.linkonce.d*)

.rel.ctors
 *(.rel.ctors)

.rela.ctors
 *(.rela.ctors)

.rel.dtors
 *(.rel.dtors)

.rela.dtors
 *(.rela.dtors)

.rel.got
 *(.rel.got)

.rela.got
 *(.rela.got)

.rel.bss
 *(.rel.bss)

.rela.bss
 *(.rela.bss)

.rel.plt
 *(.rel.plt)

.rela.plt
 *(.rela.plt)

.text           0x0000000000000000     0x4288
 *(.vectors)
 .vectors       0x0000000000000000       0xac d:/qmk_msys/mingw64/bin/../lib/gcc/avr/8.5.0/../../../../avr/lib/avr5/crtatmega32u4.o
                0x0000000000000000                __vector_default
                0x0000000000000000                __vectors
 *(.vectors)
 *(.progmem.gcc*)
                0x00000000000000ac                . = ALIGN (0x2)
                0x00000000000000ac                __trampolines_start = .
 *(.trampolines)
 .trampolines   0x00000000000000ac        0x0 linker stubs
 *(.trampolines*)
                0x00000000000000ac                __trampolines_end = .
 *libprintf_flt.a:*(.progmem.data)
 *libc.a:*(.progmem.data)
 *(.progmem.*)
 .progmem.data.SharedReport
                0x00000000000000ac       0x32 C:\Users\Arthu\AppData\Local\Temp\cctgrQJO.ltrans0.ltrans.o
 .progmem.data.RawReport
                0x00000000000000de       0x22 C:\Users\Arthu\AppData\Local\Temp\cctgrQJO.ltrans0.ltrans.o
 .progmem.data.KeyboardReport
                0x0000000000000100       0x40 C:\Users\Arthu\AppData\Local\Temp\cctgrQJO.ltrans0.ltrans.o
 .progmem.data.ascii_to_dead_lut
                0x0000000000000140       0x10 C:\Users\Arthu\AppData\Local\Temp\cctgrQJO.ltrans0.ltrans.o
 .progmem.data.ascii_to_altgr_lut
                0x0000000000000150       0x10 C:\Users\Arthu\AppData\Local\Temp\cctgrQJO.ltrans0.ltrans.o
 .progmem.data.ascii_to_shift_lut
                0x0000000000000160       0x10 C:\Users\Arthu\AppData\Local\Temp\cctgrQJO.ltrans0.ltrans.o
 .progmem.data.ascii_to_keycode_lut
                0x0000000000000170       0x80 C:\Users\Arthu\AppData\Local\Temp\cctgrQJO.ltrans0.ltrans.o
 .progmem.data.RGBLED_RGBTEST_INTERVALS
                0x00000000000001f0        0x2 C:\Users\Arthu\AppData\Local\Temp\cctgrQJO.ltrans0.ltrans.o
 .progmem.data.RGBLED_KNIGHT_INTERVALS
                0x00000000000001f2        0x3 C:\Users\Arthu\AppData\Local\Temp\cctgrQJO.ltrans0.ltrans.o
 .progmem.data.RGBLED_SNAKE_INTERVALS
                0x00000000000001f5        0x3 C:\Users\Arthu\AppData\Local\Temp\cctgrQJO.ltrans0.ltrans.o
 .progmem.data.RGBLED_RAINBOW_SWIRL_INTERVALS
                0x00000000000001f8        0x3 C:\Users\Arthu\AppData\Local\Temp\cctgrQJO.ltrans0.ltrans.o
 .progmem.data.RGBLED_RAINBOW_MOOD_INTERVALS
                0x00000000000001fb        0x3 C:\Users\Arthu\AppData\Local\Temp\cctgrQJO.ltrans0.ltrans.o
 .progmem.data.RGBLED_BREATHING_INTERVALS
                0x00000000000001fe        0x4 C:\Users\Arthu\AppData\Local\Temp\cctgrQJO.ltrans0.ltrans.o
 .progmem.data.CIE1931_CURVE
                0x0000000000000202      0x100 C:\Users\Arthu\AppData\Local\Temp\cctgrQJO.ltrans0.ltrans.o
 .progmem.data.RGBLED_GRADIENT_RANGES
                0x0000000000000302        0x5 C:\Users\Arthu\AppData\Local\Temp\cctgrQJO.ltrans0.ltrans.o
 .progmem.data.rgblight_effect_breathe_table
                0x0000000000000307      0x100 C:\Users\Arthu\AppData\Local\Temp\cctgrQJO.ltrans0.ltrans.o
 .progmem.data.keymaps
                0x0000000000000407      0x120 C:\Users\Arthu\AppData\Local\Temp\cctgrQJO.ltrans0.ltrans.o
 .progmem.data.ConfigurationDescriptor
                0x0000000000000527       0x5b C:\Users\Arthu\AppData\Local\Temp\cctgrQJO.ltrans0.ltrans.o
 .progmem.data.DeviceDescriptor
                0x0000000000000582       0x12 C:\Users\Arthu\AppData\Local\Temp\cctgrQJO.ltrans0.ltrans.o
 .progmem.data.ProductString
                0x0000000000000594       0x2a C:\Users\Arthu\AppData\Local\Temp\cctgrQJO.ltrans0.ltrans.o
 .progmem.data.ManufacturerString
                0x00000000000005be       0x1c C:\Users\Arthu\AppData\Local\Temp\cctgrQJO.ltrans0.ltrans.o
 .progmem.data.LanguageString
                0x00000000000005da        0x4 C:\Users\Arthu\AppData\Local\Temp\cctgrQJO.ltrans0.ltrans.o
                0x00000000000005de                . = ALIGN (0x2)
 *(.lowtext)
 *(.lowtext*)
                0x00000000000005de                __ctors_start = .
 *(.ctors)
                0x00000000000005de                __ctors_end = .
                0x00000000000005de                __dtors_start = .
 *(.dtors)
                0x00000000000005de                __dtors_end = .
 SORT_BY_NAME(*)(.ctors)
 SORT_BY_NAME(*)(.dtors)
 *(.init0)
 .init0         0x00000000000005de        0x0 d:/qmk_msys/mingw64/bin/../lib/gcc/avr/8.5.0/../../../../avr/lib/avr5/crtatmega32u4.o
                0x00000000000005de                __init
 *(.init0)
 *(.init1)
 *(.init1)
 *(.init2)
 .init2         0x00000000000005de        0xc d:/qmk_msys/mingw64/bin/../lib/gcc/avr/8.5.0/../../../../avr/lib/avr5/crtatmega32u4.o
 *(.init2)
 *(.init3)
 *(.init3)
 *(.init4)
 .init4         0x00000000000005ea       0x16 d:/qmk_msys/mingw64/bin/../lib/gcc/avr/8.5.0/avr5\libgcc.a(_copy_data.o)
                0x00000000000005ea                __do_copy_data
 .init4         0x0000000000000600       0x10 d:/qmk_msys/mingw64/bin/../lib/gcc/avr/8.5.0/avr5\libgcc.a(_clear_bss.o)
                0x0000000000000600                __do_clear_bss
 *(.init4)
 *(.init5)
 *(.init5)
 *(.init6)
 *(.init6)
 *(.init7)
 *(.init7)
 *(.init8)
 *(.init8)
 *(.init9)
 .init9         0x0000000000000610        0x8 d:/qmk_msys/mingw64/bin/../lib/gcc/avr/8.5.0/../../../../avr/lib/avr5/crtatmega32u4.o
 *(.init9)
 *(.text)
 .text          0x0000000000000618        0x4 d:/qmk_msys/mingw64/bin/../lib/gcc/avr/8.5.0/../../../../avr/lib/avr5/crtatmega32u4.o
                0x0000000000000618                __vector_38
                0x0000000000000618                __vector_22
                0x0000000000000618                __vector_28
                0x0000000000000618                __vector_1
                0x0000000000000618                __vector_32
                0x0000000000000618                __vector_34
                0x0000000000000618                __vector_24
                0x0000000000000618                __bad_interrupt
                0x0000000000000618                __vector_6
                0x0000000000000618                __vector_31
                0x0000000000000618                __vector_35
                0x0000000000000618                __vector_39
                0x0000000000000618                __vector_3
                0x0000000000000618                __vector_23
                0x0000000000000618                __vector_30
                0x0000000000000618                __vector_25
                0x0000000000000618                __vector_13
                0x0000000000000618                __vector_17
                0x0000000000000618                __vector_19
                0x0000000000000618                __vector_7
                0x0000000000000618                __vector_41
                0x0000000000000618                __vector_27
                0x0000000000000618                __vector_5
                0x0000000000000618                __vector_33
                0x0000000000000618                __vector_37
                0x0000000000000618                __vector_4
                0x0000000000000618                __vector_9
                0x0000000000000618                __vector_2
                0x0000000000000618                __vector_15
                0x0000000000000618                __vector_36
                0x0000000000000618                __vector_29
                0x0000000000000618                __vector_40
                0x0000000000000618                __vector_8
                0x0000000000000618                __vector_26
                0x0000000000000618                __vector_14
                0x0000000000000618                __vector_16
                0x0000000000000618                __vector_18
                0x0000000000000618                __vector_20
                0x0000000000000618                __vector_42
                0x000000000000061c                . = ALIGN (0x2)
 *(.text.*)
 .text.USB_Disable
                0x000000000000061c       0x3e C:\Users\Arthu\AppData\Local\Temp\cctgrQJO.ltrans0.ltrans.o
 .text.Endpoint_WaitUntilReady
                0x000000000000065a       0x62 C:\Users\Arthu\AppData\Local\Temp\cctgrQJO.ltrans0.ltrans.o
 .text.Endpoint_ClearStatusStage
                0x00000000000006bc       0x3e C:\Users\Arthu\AppData\Local\Temp\cctgrQJO.ltrans0.ltrans.o
 .text.Endpoint_ConfigureEndpoint_Prv
                0x00000000000006fa       0x64 C:\Users\Arthu\AppData\Local\Temp\cctgrQJO.ltrans0.ltrans.o
 .text.USB_Init
                0x000000000000075e       0xb6 C:\Users\Arthu\AppData\Local\Temp\cctgrQJO.ltrans0.ltrans.o
 .text.Endpoint_Write_Control_Stream_LE
                0x0000000000000814       0xbc C:\Users\Arthu\AppData\Local\Temp\cctgrQJO.ltrans0.ltrans.o
 .text.rgblight_effect_dummy
                0x00000000000008d0        0x2 C:\Users\Arthu\AppData\Local\Temp\cctgrQJO.ltrans0.ltrans.o
 .text.send_mouse
                0x00000000000008d2        0x2 C:\Users\Arthu\AppData\Local\Temp\cctgrQJO.ltrans0.ltrans.o
 .text.keyboard_leds
                0x00000000000008d4        0x6 C:\Users\Arthu\AppData\Local\Temp\cctgrQJO.ltrans0.ltrans.o
 .text.bootloader_jump
                0x00000000000008da       0x2a C:\Users\Arthu\AppData\Local\Temp\cctgrQJO.ltrans0.ltrans.o
 .text.timer_read
                0x0000000000000904       0x18 C:\Users\Arthu\AppData\Local\Temp\cctgrQJO.ltrans0.ltrans.o
 .text.host_consumer_send
                0x000000000000091c       0x4a C:\Users\Arthu\AppData\Local\Temp\cctgrQJO.ltrans0.ltrans.o
 .text.host_system_send
                0x0000000000000966       0x4a C:\Users\Arthu\AppData\Local\Temp\cctgrQJO.ltrans0.ltrans.o
 .text.host_keyboard_leds
                0x00000000000009b0       0x1a C:\Users\Arthu\AppData\Local\Temp\cctgrQJO.ltrans0.ltrans.o
 .text.handleKeycodeRGB
                0x00000000000009ca        0xc C:\Users\Arthu\AppData\Local\Temp\cctgrQJO.ltrans0.ltrans.o
 .text.rgblight_check_config
                0x00000000000009d6       0x2c C:\Users\Arthu\AppData\Local\Temp\cctgrQJO.ltrans0.ltrans.o
 .text.sethsv_raw
                0x0000000000000a02      0x12c C:\Users\Arthu\AppData\Local\Temp\cctgrQJO.ltrans0.ltrans.o
 .text.sendchar
                0x0000000000000b2e        0x4 C:\Users\Arthu\AppData\Local\Temp\cctgrQJO.ltrans0.ltrans.o
 .text.setPinInputHigh_atomic
                0x0000000000000b32       0x2e C:\Users\Arthu\AppData\Local\Temp\cctgrQJO.ltrans0.ltrans.o
 .text.mod_config
                0x0000000000000b60       0x86 C:\Users\Arthu\AppData\Local\Temp\cctgrQJO.ltrans0.ltrans.o
 .text.action_for_keycode
                0x0000000000000be6      0x2d8 C:\Users\Arthu\AppData\Local\Temp\cctgrQJO.ltrans0.ltrans.o
 .text.del_key  0x0000000000000ebe       0x1a C:\Users\Arthu\AppData\Local\Temp\cctgrQJO.ltrans0.ltrans.o
 .text.add_key  0x0000000000000ed8       0x32 C:\Users\Arthu\AppData\Local\Temp\cctgrQJO.ltrans0.ltrans.o
 .text.debug_waiting_buffer
                0x0000000000000f0a       0x14 C:\Users\Arthu\AppData\Local\Temp\cctgrQJO.ltrans0.ltrans.o
 .text.read_source_layers_cache
                0x0000000000000f1e       0x68 C:\Users\Arthu\AppData\Local\Temp\cctgrQJO.ltrans0.ltrans.o
 .text.update_source_layers_cache
                0x0000000000000f86       0x6e C:\Users\Arthu\AppData\Local\Temp\cctgrQJO.ltrans0.ltrans.o
 .text.layer_state_set
                0x0000000000000ff4        0x6 C:\Users\Arthu\AppData\Local\Temp\cctgrQJO.ltrans0.ltrans.o
 .text.update_tri_layer.constprop.39
                0x0000000000000ffa       0x18 C:\Users\Arthu\AppData\Local\Temp\cctgrQJO.ltrans0.ltrans.o
 .text.layer_off
                0x0000000000001012       0x1a C:\Users\Arthu\AppData\Local\Temp\cctgrQJO.ltrans0.ltrans.o
 .text.layer_on
                0x000000000000102c       0x18 C:\Users\Arthu\AppData\Local\Temp\cctgrQJO.ltrans0.ltrans.o
 .text.default_layer_state_set
                0x0000000000001044        0x6 C:\Users\Arthu\AppData\Local\Temp\cctgrQJO.ltrans0.ltrans.o
 .text.send_report
                0x000000000000104a       0x76 C:\Users\Arthu\AppData\Local\Temp\cctgrQJO.ltrans0.ltrans.o
 .text.send_extra
                0x00000000000010c0        0xe C:\Users\Arthu\AppData\Local\Temp\cctgrQJO.ltrans0.ltrans.o
 .text.send_keyboard
                0x00000000000010ce       0x28 C:\Users\Arthu\AppData\Local\Temp\cctgrQJO.ltrans0.ltrans.o
 .text.rgblight_set
                0x00000000000010f6       0x6a C:\Users\Arthu\AppData\Local\Temp\cctgrQJO.ltrans0.ltrans.o
 .text.rgblight_effect_alternating
                0x0000000000001160       0x74 C:\Users\Arthu\AppData\Local\Temp\cctgrQJO.ltrans0.ltrans.o
 .text.rgblight_effect_christmas
                0x00000000000011d4       0xfc C:\Users\Arthu\AppData\Local\Temp\cctgrQJO.ltrans0.ltrans.o
 .text.rgblight_effect_knight
                0x00000000000012d0       0xa2 C:\Users\Arthu\AppData\Local\Temp\cctgrQJO.ltrans0.ltrans.o
 .text.rgblight_effect_snake
                0x0000000000001372       0xd0 C:\Users\Arthu\AppData\Local\Temp\cctgrQJO.ltrans0.ltrans.o
 .text.rgblight_effect_rainbow_swirl
                0x0000000000001442       0x5a C:\Users\Arthu\AppData\Local\Temp\cctgrQJO.ltrans0.ltrans.o
 .text.rgblight_setrgb
                0x000000000000149c       0x22 C:\Users\Arthu\AppData\Local\Temp\cctgrQJO.ltrans0.ltrans.o
 .text.rgblight_effect_rgbtest
                0x00000000000014be       0x72 C:\Users\Arthu\AppData\Local\Temp\cctgrQJO.ltrans0.ltrans.o
 .text.rgblight_sethsv_noeeprom_old
                0x0000000000001530       0x36 C:\Users\Arthu\AppData\Local\Temp\cctgrQJO.ltrans0.ltrans.o
 .text.rgblight_effect_rainbow_mood
                0x0000000000001566       0x20 C:\Users\Arthu\AppData\Local\Temp\cctgrQJO.ltrans0.ltrans.o
 .text.rgblight_effect_breathing
                0x0000000000001586       0x28 C:\Users\Arthu\AppData\Local\Temp\cctgrQJO.ltrans0.ltrans.o
 .text.dynamic_keymap_macro_reset
                0x00000000000015ae       0x20 C:\Users\Arthu\AppData\Local\Temp\cctgrQJO.ltrans0.ltrans.o
 .text.dynamic_keymap_set_keycode
                0x00000000000015ce       0x4c C:\Users\Arthu\AppData\Local\Temp\cctgrQJO.ltrans0.ltrans.o
 .text.dynamic_keymap_reset
                0x000000000000161a       0x7e C:\Users\Arthu\AppData\Local\Temp\cctgrQJO.ltrans0.ltrans.o
 .text.via_eeprom_set_valid
                0x0000000000001698       0x32 C:\Users\Arthu\AppData\Local\Temp\cctgrQJO.ltrans0.ltrans.o
 .text.eeconfig_init_via
                0x00000000000016ca       0x20 C:\Users\Arthu\AppData\Local\Temp\cctgrQJO.ltrans0.ltrans.o
 .text.dynamic_keymap_get_keycode
                0x00000000000016ea       0x5e C:\Users\Arthu\AppData\Local\Temp\cctgrQJO.ltrans0.ltrans.o
 .text.keymap_key_to_keycode
                0x0000000000001748       0x1c C:\Users\Arthu\AppData\Local\Temp\cctgrQJO.ltrans0.ltrans.o
 .text.layer_switch_get_layer
                0x0000000000001764       0x5e C:\Users\Arthu\AppData\Local\Temp\cctgrQJO.ltrans0.ltrans.o
 .text.layer_switch_get_action
                0x00000000000017c2       0x1a C:\Users\Arthu\AppData\Local\Temp\cctgrQJO.ltrans0.ltrans.o
 .text.is_tap_record
                0x00000000000017dc       0x54 C:\Users\Arthu\AppData\Local\Temp\cctgrQJO.ltrans0.ltrans.o
 .text.via_eeprom_is_valid
                0x0000000000001830       0x32 C:\Users\Arthu\AppData\Local\Temp\cctgrQJO.ltrans0.ltrans.o
 .text.eeconfig_update_rgblight
                0x0000000000001862       0x26 C:\Users\Arthu\AppData\Local\Temp\cctgrQJO.ltrans0.ltrans.o
 .text.rgblight_sethsv_eeprom_helper
                0x0000000000001888      0x104 C:\Users\Arthu\AppData\Local\Temp\cctgrQJO.ltrans0.ltrans.o
 .text.rgblight_decrease_val
                0x000000000000198c       0x1a C:\Users\Arthu\AppData\Local\Temp\cctgrQJO.ltrans0.ltrans.o
 .text.rgblight_increase_val
                0x00000000000019a6       0x1a C:\Users\Arthu\AppData\Local\Temp\cctgrQJO.ltrans0.ltrans.o
 .text.rgblight_decrease_sat
                0x00000000000019c0       0x1a C:\Users\Arthu\AppData\Local\Temp\cctgrQJO.ltrans0.ltrans.o
 .text.rgblight_increase_sat
                0x00000000000019da       0x1a C:\Users\Arthu\AppData\Local\Temp\cctgrQJO.ltrans0.ltrans.o
 .text.rgblight_decrease_hue
                0x00000000000019f4       0x14 C:\Users\Arthu\AppData\Local\Temp\cctgrQJO.ltrans0.ltrans.o
 .text.rgblight_increase_hue
                0x0000000000001a08       0x14 C:\Users\Arthu\AppData\Local\Temp\cctgrQJO.ltrans0.ltrans.o
 .text.rgblight_decrease_speed
                0x0000000000001a1c       0x24 C:\Users\Arthu\AppData\Local\Temp\cctgrQJO.ltrans0.ltrans.o
 .text.rgblight_increase_speed
                0x0000000000001a40       0x24 C:\Users\Arthu\AppData\Local\Temp\cctgrQJO.ltrans0.ltrans.o
 .text.rgblight_mode_eeprom_helper
                0x0000000000001a64       0x84 C:\Users\Arthu\AppData\Local\Temp\cctgrQJO.ltrans0.ltrans.o
 .text.rgblight_step_reverse
                0x0000000000001ae8       0x14 C:\Users\Arthu\AppData\Local\Temp\cctgrQJO.ltrans0.ltrans.o
 .text.rgblight_step
                0x0000000000001afc       0x16 C:\Users\Arthu\AppData\Local\Temp\cctgrQJO.ltrans0.ltrans.o
 .text.handleKeycodeRGBMode
                0x0000000000001b12       0x20 C:\Users\Arthu\AppData\Local\Temp\cctgrQJO.ltrans0.ltrans.o
 .text.eeconfig_update_rgblight_default
                0x0000000000001b32       0x22 C:\Users\Arthu\AppData\Local\Temp\cctgrQJO.ltrans0.ltrans.o
 .text.eeconfig_init_quantum
                0x0000000000001b54       0xc4 C:\Users\Arthu\AppData\Local\Temp\cctgrQJO.ltrans0.ltrans.o
 .text.eeconfig_is_enabled
                0x0000000000001c18       0x18 C:\Users\Arthu\AppData\Local\Temp\cctgrQJO.ltrans0.ltrans.o
 .text.send_keyboard_report
                0x0000000000001c30       0x4e C:\Users\Arthu\AppData\Local\Temp\cctgrQJO.ltrans0.ltrans.o
 .text.clear_keyboard
                0x0000000000001c7e       0x2c C:\Users\Arthu\AppData\Local\Temp\cctgrQJO.ltrans0.ltrans.o
 .text.USB_Device_ProcessControlRequest
                0x0000000000001caa      0x57c C:\Users\Arthu\AppData\Local\Temp\cctgrQJO.ltrans0.ltrans.o
 .text.soft_reset_keyboard
                0x0000000000002226       0x2c C:\Users\Arthu\AppData\Local\Temp\cctgrQJO.ltrans0.ltrans.o
 .text.unregister_mods
                0x0000000000002252       0x16 C:\Users\Arthu\AppData\Local\Temp\cctgrQJO.ltrans0.ltrans.o
 .text.register_mods
                0x0000000000002268       0x14 C:\Users\Arthu\AppData\Local\Temp\cctgrQJO.ltrans0.ltrans.o
 .text.unregister_code
                0x000000000000227c       0xb0 C:\Users\Arthu\AppData\Local\Temp\cctgrQJO.ltrans0.ltrans.o
 .text.register_code
                0x000000000000232c      0x11c C:\Users\Arthu\AppData\Local\Temp\cctgrQJO.ltrans0.ltrans.o
 .text.tap_code_delay
                0x0000000000002448       0x30 C:\Users\Arthu\AppData\Local\Temp\cctgrQJO.ltrans0.ltrans.o
 .text.process_record
                0x0000000000002478      0x924 C:\Users\Arthu\AppData\Local\Temp\cctgrQJO.ltrans0.ltrans.o
 .text.waiting_buffer_scan_tap
                0x0000000000002d9c       0xaa C:\Users\Arthu\AppData\Local\Temp\cctgrQJO.ltrans0.ltrans.o
 .text.process_tapping
                0x0000000000002e46      0x2c2 C:\Users\Arthu\AppData\Local\Temp\cctgrQJO.ltrans0.ltrans.o
 .text.action_exec
                0x0000000000003108      0x10a C:\Users\Arthu\AppData\Local\Temp\cctgrQJO.ltrans0.ltrans.o
 .text.matrix_scan
                0x0000000000003212      0x180 C:\Users\Arthu\AppData\Local\Temp\cctgrQJO.ltrans0.ltrans.o
 .text.__vector_11
                0x0000000000003392       0x88 C:\Users\Arthu\AppData\Local\Temp\cctgrQJO.ltrans0.ltrans.o
                0x0000000000003392                __vector_11
 .text.__vector_10
                0x000000000000341a      0x1b2 C:\Users\Arthu\AppData\Local\Temp\cctgrQJO.ltrans0.ltrans.o
                0x000000000000341a                __vector_10
 .text.__vector_21
                0x00000000000035cc       0x48 C:\Users\Arthu\AppData\Local\Temp\cctgrQJO.ltrans0.ltrans.o
                0x00000000000035cc                __vector_21
 .text.__vector_12
                0x0000000000003614       0x4e C:\Users\Arthu\AppData\Local\Temp\cctgrQJO.ltrans0.ltrans.o
                0x0000000000003614                __vector_12
 .text.startup.main
                0x0000000000003662      0x8ec C:\Users\Arthu\AppData\Local\Temp\cctgrQJO.ltrans0.ltrans.o
                0x0000000000003662                main
 .text.libgcc.prologue
                0x0000000000003f4e       0x38 d:/qmk_msys/mingw64/bin/../lib/gcc/avr/8.5.0/avr5\libgcc.a(_prologue.o)
                0x0000000000003f4e                __prologue_saves__
 .text.libgcc.prologue
                0x0000000000003f86       0x36 d:/qmk_msys/mingw64/bin/../lib/gcc/avr/8.5.0/avr5\libgcc.a(_epilogue.o)
                0x0000000000003f86                __epilogue_restores__
 .text.libgcc.div
                0x0000000000003fbc       0x1c d:/qmk_msys/mingw64/bin/../lib/gcc/avr/8.5.0/avr5\libgcc.a(_divmodqi4.o)
                0x0000000000003fbc                __divmodqi4
 .text.libgcc.div
                0x0000000000003fd8       0x28 d:/qmk_msys/mingw64/bin/../lib/gcc/avr/8.5.0/avr5\libgcc.a(_udivmodhi4.o)
                0x0000000000003fd8                __udivmodhi4
 .text.libgcc.div
                0x0000000000004000       0x28 d:/qmk_msys/mingw64/bin/../lib/gcc/avr/8.5.0/avr5\libgcc.a(_divmodhi4.o)
                0x0000000000004000                _div
                0x0000000000004000                __divmodhi4
 .text.libgcc.div
                0x0000000000004028       0x44 d:/qmk_msys/mingw64/bin/../lib/gcc/avr/8.5.0/avr5\libgcc.a(_udivmodsi4.o)
                0x0000000000004028                __udivmodsi4
 .text.libgcc   0x000000000000406c        0xc d:/qmk_msys/mingw64/bin/../lib/gcc/avr/8.5.0/avr5\libgcc.a(_tablejump2.o)
                0x000000000000406c                __tablejump2__
 .text.libgcc.builtins
                0x0000000000004078        0xe d:/qmk_msys/mingw64/bin/../lib/gcc/avr/8.5.0/avr5\libgcc.a(_bswapsi2.o)
                0x0000000000004078                __bswapsi2
 .text.libgcc.mul
                0x0000000000004086       0x10 d:/qmk_msys/mingw64/bin/../lib/gcc/avr/8.5.0/avr5\libgcc.a(_mulhisi3.o)
                0x0000000000004086                __mulhisi3
 .text.libgcc.mul
                0x0000000000004096       0x1e d:/qmk_msys/mingw64/bin/../lib/gcc/avr/8.5.0/avr5\libgcc.a(_umulhisi3.o)
                0x0000000000004096                __umulhisi3
 .text.libgcc.mul
                0x00000000000040b4        0xe d:/qmk_msys/mingw64/bin/../lib/gcc/avr/8.5.0/avr5\libgcc.a(_usmulhisi3.o)
                0x00000000000040b4                __usmulhisi3
                0x00000000000040b8                __usmulhisi3_tail
 .text.libgcc.mul
                0x00000000000040c2       0x16 d:/qmk_msys/mingw64/bin/../lib/gcc/avr/8.5.0/avr5\libgcc.a(_muluhisi3.o)
                0x00000000000040c2                __muluhisi3
 .text.libgcc.mul
                0x00000000000040d8       0x10 d:/qmk_msys/mingw64/bin/../lib/gcc/avr/8.5.0/avr5\libgcc.a(_mulshisi3.o)
                0x00000000000040d8                __mulshisi3
                0x00000000000040de                __mulohisi3
 .text.libgcc.div
                0x00000000000040e8       0x18 d:/qmk_msys/mingw64/bin/../lib/gcc/avr/8.5.0/avr5\libgcc.a(_udivmodqi4.o)
                0x00000000000040e8                __udivmodqi4
 .text.avr-libc
                0x0000000000004100       0x1a d:/qmk_msys/mingw64/bin/../lib/gcc/avr/8.5.0/../../../../avr/lib/avr5\libc.a(memchr.o)
                0x0000000000004100                memchr
 .text.avr-libc
                0x000000000000411a       0x1a d:/qmk_msys/mingw64/bin/../lib/gcc/avr/8.5.0/../../../../avr/lib/avr5\libc.a(memcmp.o)
                0x000000000000411a                memcmp
 .text.avr-libc
                0x0000000000004134       0x10 d:/qmk_msys/mingw64/bin/../lib/gcc/avr/8.5.0/../../../../avr/lib/avr5\libatmega32u4.a(eerd_byte.o)
                0x0000000000004134                eeprom_read_byte
 .text.avr-libc
                0x0000000000004144        0xc d:/qmk_msys/mingw64/bin/../lib/gcc/avr/8.5.0/../../../../avr/lib/avr5\libatmega32u4.a(eerd_dword.o)
                0x0000000000004144                eeprom_read_float
                0x0000000000004144                eeprom_read_dword
 .text.avr-libc
                0x0000000000004150        0xc d:/qmk_msys/mingw64/bin/../lib/gcc/avr/8.5.0/../../../../avr/lib/avr5\libatmega32u4.a(eerd_word.o)
                0x0000000000004150                eeprom_read_word
 .text.avr-libc
                0x000000000000415c       0x24 d:/qmk_msys/mingw64/bin/../lib/gcc/avr/8.5.0/../../../../avr/lib/avr5\libatmega32u4.a(eeupd_byte.o)
                0x000000000000415c                eeprom_update_byte
                0x000000000000415e                eeprom_update_r18
 .text.avr-libc
                0x0000000000004180       0x18 d:/qmk_msys/mingw64/bin/../lib/gcc/avr/8.5.0/../../../../avr/lib/avr5\libatmega32u4.a(eeupd_dword.o)
                0x0000000000004180                eeprom_update_float
                0x0000000000004180                eeprom_update_dword
 .text.avr-libc
                0x0000000000004198        0xc d:/qmk_msys/mingw64/bin/../lib/gcc/avr/8.5.0/../../../../avr/lib/avr5\libatmega32u4.a(eeupd_word.o)
                0x0000000000004198                eeprom_update_word
 .text.avr-libc
                0x00000000000041a4       0x20 d:/qmk_msys/mingw64/bin/../lib/gcc/avr/8.5.0/../../../../avr/lib/avr5\libatmega32u4.a(eerd_block.o)
                0x00000000000041a4                eeprom_read_block
                0x00000000000041a8                eeprom_read_blraw
                0x00000000000041c4                . = ALIGN (0x2)
 *(.fini9)
 .fini9         0x00000000000041c4        0x0 d:/qmk_msys/mingw64/bin/../lib/gcc/avr/8.5.0/avr5\libgcc.a(_exit.o)
                0x00000000000041c4                _exit
                0x00000000000041c4                exit
 *(.fini9)
 *(.fini8)
 *(.fini8)
 *(.fini7)
 *(.fini7)
 *(.fini6)
 *(.fini6)
 *(.fini5)
 *(.fini5)
 *(.fini4)
 *(.fini4)
 *(.fini3)
 *(.fini3)
 *(.fini2)
 *(.fini2)
 *(.fini1)
 *(.fini1)
 *(.fini0)
 .fini0         0x00000000000041c4        0x4 d:/qmk_msys/mingw64/bin/../lib/gcc/avr/8.5.0/avr5\libgcc.a(_exit.o)
 *(.fini0)
 *(.hightext)
 *(.hightext*)
 *(.progmemx.*)
                0x00000000000041c8                . = ALIGN (0x2)
 *(.jumptables)
 *(.jumptables*)
 .jumptables.gcc.USB_Device_ProcessControlRequest
                0x00000000000041c8       0x14 C:\Users\Arthu\AppData\Local\Temp\cctgrQJO.ltrans0.ltrans.o
 .jumptables.gcc.process_record
                0x00000000000041dc       0x86 C:\Users\Arthu\AppData\Local\Temp\cctgrQJO.ltrans0.ltrans.o
 .jumptables.gcc.main
                0x0000000000004262       0x26 C:\Users\Arthu\AppData\Local\Temp\cctgrQJO.ltrans0.ltrans.o
                0x0000000000004288                _etext = .

.data           0x0000000000800100       0x90 load address 0x0000000000004288
                0x0000000000800100                PROVIDE (__data_start = .)
 *(.data)
 *(.data*)
 .data.lufa_driver
                0x0000000000800100        0x8 C:\Users\Arthu\AppData\Local\Temp\cctgrQJO.ltrans0.ltrans.o
 .data.static_effect_table
                0x0000000000800108        0xb C:\Users\Arthu\AppData\Local\Temp\cctgrQJO.ltrans0.ltrans.o
 .data.increment.3503
                0x0000000000800113        0x1 C:\Users\Arthu\AppData\Local\Temp\cctgrQJO.ltrans0.ltrans.o
 .data.high_bound.3502
                0x0000000000800114        0x1 C:\Users\Arthu\AppData\Local\Temp\cctgrQJO.ltrans0.ltrans.o
 .data.increment.3515
                0x0000000000800115        0x1 C:\Users\Arthu\AppData\Local\Temp\cctgrQJO.ltrans0.ltrans.o
 .data.keyboard_protocol
                0x0000000000800116        0x1 C:\Users\Arthu\AppData\Local\Temp\cctgrQJO.ltrans0.ltrans.o
 *(.gnu.linkonce.d*)
 *(.rodata)
 *(.rodata*)
 .rodata.CSWTCH.13
                0x0000000000800117        0x3 C:\Users\Arthu\AppData\Local\Temp\cctgrQJO.ltrans0.ltrans.o
 .rodata.CSWTCH.14
                0x000000000080011a       0x32 C:\Users\Arthu\AppData\Local\Temp\cctgrQJO.ltrans0.ltrans.o
 .rodata.row_pins
                0x000000000080014c        0x4 C:\Users\Arthu\AppData\Local\Temp\cctgrQJO.ltrans0.ltrans.o
 .rodata.col_pins
                0x0000000000800150        0xc C:\Users\Arthu\AppData\Local\Temp\cctgrQJO.ltrans0.ltrans.o
 .rodata.mode_base_table
                0x000000000080015c       0x25 C:\Users\Arthu\AppData\Local\Temp\cctgrQJO.ltrans0.ltrans.o
 .rodata.CSWTCH.2
                0x0000000000800181        0x3 C:\Users\Arthu\AppData\Local\Temp\cctgrQJO.ltrans0.ltrans.o
 .rodata.CSWTCH.1
                0x0000000000800184        0x6 C:\Users\Arthu\AppData\Local\Temp\cctgrQJO.ltrans0.ltrans.o
 .rodata.CSWTCH.0
                0x000000000080018a        0x6 C:\Users\Arthu\AppData\Local\Temp\cctgrQJO.ltrans0.ltrans.o
 *(.gnu.linkonce.r*)
                0x0000000000800190                . = ALIGN (0x2)
                0x0000000000800190                _edata = .
                0x0000000000800190                PROVIDE (__data_end = .)

.bss            0x0000000000800190      0x12c
                0x0000000000800190                PROVIDE (__bss_start = .)
 *(.bss)
 .bss           0x0000000000800190        0x2 .build/obj_tcbk40_default/platforms/avr/xprintf.o
                0x0000000000800190                xfunc_out
 *(.bss*)
 .bss.__compound_literal.0
                0x0000000000800192        0x8 C:\Users\Arthu\AppData\Local\Temp\cctgrQJO.ltrans0.ltrans.o
 .bss.source_layers_cache
                0x000000000080019a       0x12 C:\Users\Arthu\AppData\Local\Temp\cctgrQJO.ltrans0.ltrans.o
 .bss.tapping_key
                0x00000000008001ac        0x6 C:\Users\Arthu\AppData\Local\Temp\cctgrQJO.ltrans0.ltrans.o
 .bss.waiting_buffer_head
                0x00000000008001b2        0x1 C:\Users\Arthu\AppData\Local\Temp\cctgrQJO.ltrans0.ltrans.o
 .bss.waiting_buffer
                0x00000000008001b3       0x30 C:\Users\Arthu\AppData\Local\Temp\cctgrQJO.ltrans0.ltrans.o
 .bss.waiting_buffer_tail
                0x00000000008001e3        0x1 C:\Users\Arthu\AppData\Local\Temp\cctgrQJO.ltrans0.ltrans.o
 .bss.last_report.3834
                0x00000000008001e4        0x8 C:\Users\Arthu\AppData\Local\Temp\cctgrQJO.ltrans0.ltrans.o
 .bss.weak_mods
                0x00000000008001ec        0x1 C:\Users\Arthu\AppData\Local\Temp\cctgrQJO.ltrans0.ltrans.o
 .bss.real_mods
                0x00000000008001ed        0x1 C:\Users\Arthu\AppData\Local\Temp\cctgrQJO.ltrans0.ltrans.o
 .bss.default_layer_state
                0x00000000008001ee        0x1 C:\Users\Arthu\AppData\Local\Temp\cctgrQJO.ltrans0.ltrans.o
 .bss.debouncing_time
                0x00000000008001ef        0x2 C:\Users\Arthu\AppData\Local\Temp\cctgrQJO.ltrans0.ltrans.o
 .bss.debouncing
                0x00000000008001f1        0x1 C:\Users\Arthu\AppData\Local\Temp\cctgrQJO.ltrans0.ltrans.o
 .bss.raw_matrix
                0x00000000008001f2        0x8 C:\Users\Arthu\AppData\Local\Temp\cctgrQJO.ltrans0.ltrans.o
 .bss.keymap_config
                0x00000000008001fa        0x2 C:\Users\Arthu\AppData\Local\Temp\cctgrQJO.ltrans0.ltrans.o
 .bss.is_rgblight_initialized
                0x00000000008001fc        0x1 C:\Users\Arthu\AppData\Local\Temp\cctgrQJO.ltrans0.ltrans.o
 .bss.last_tick.4950
                0x00000000008001fd        0x2 C:\Users\Arthu\AppData\Local\Temp\cctgrQJO.ltrans0.ltrans.o
 .bss.debug_config
                0x00000000008001ff        0x1 C:\Users\Arthu\AppData\Local\Temp\cctgrQJO.ltrans0.ltrans.o
 .bss.matrix_previous.4957
                0x0000000000800200        0x8 C:\Users\Arthu\AppData\Local\Temp\cctgrQJO.ltrans0.ltrans.o
 .bss.last_led_status.3275
                0x0000000000800208        0x1 C:\Users\Arthu\AppData\Local\Temp\cctgrQJO.ltrans0.ltrans.o
 .bss.matrix    0x0000000000800209        0x8 C:\Users\Arthu\AppData\Local\Temp\cctgrQJO.ltrans0.ltrans.o
 .bss.animation_status
                0x0000000000800211        0x6 C:\Users\Arthu\AppData\Local\Temp\cctgrQJO.ltrans0.ltrans.o
 .bss.rgblight_status
                0x0000000000800217        0x2 C:\Users\Arthu\AppData\Local\Temp\cctgrQJO.ltrans0.ltrans.o
 .bss.pos.3485  0x0000000000800219        0x1 C:\Users\Arthu\AppData\Local\Temp\cctgrQJO.ltrans0.ltrans.o
 .bss.low_bound.3501
                0x000000000080021a        0x1 C:\Users\Arthu\AppData\Local\Temp\cctgrQJO.ltrans0.ltrans.o
 .bss.maxval.3530
                0x000000000080021b        0x1 C:\Users\Arthu\AppData\Local\Temp\cctgrQJO.ltrans0.ltrans.o
 .bss.led       0x000000000080021c       0x78 C:\Users\Arthu\AppData\Local\Temp\cctgrQJO.ltrans0.ltrans.o
 .bss.rgblight_config
                0x0000000000800294        0x5 C:\Users\Arthu\AppData\Local\Temp\cctgrQJO.ltrans0.ltrans.o
 .bss.last_system_usage
                0x0000000000800299        0x2 C:\Users\Arthu\AppData\Local\Temp\cctgrQJO.ltrans0.ltrans.o
 .bss.driver    0x000000000080029b        0x2 C:\Users\Arthu\AppData\Local\Temp\cctgrQJO.ltrans0.ltrans.o
 .bss.last_consumer_usage
                0x000000000080029d        0x2 C:\Users\Arthu\AppData\Local\Temp\cctgrQJO.ltrans0.ltrans.o
 .bss.wdt_timeout
                0x000000000080029f        0x1 C:\Users\Arthu\AppData\Local\Temp\cctgrQJO.ltrans0.ltrans.o
 .bss.timer_count
                0x00000000008002a0        0x4 C:\Users\Arthu\AppData\Local\Temp\cctgrQJO.ltrans0.ltrans.o
 .bss.USB_IsInitialized
                0x00000000008002a4        0x1 C:\Users\Arthu\AppData\Local\Temp\cctgrQJO.ltrans0.ltrans.o
 .bss.keyboard_idle
                0x00000000008002a5        0x1 C:\Users\Arthu\AppData\Local\Temp\cctgrQJO.ltrans0.ltrans.o
 .bss.keyboard_led_state
                0x00000000008002a6        0x1 C:\Users\Arthu\AppData\Local\Temp\cctgrQJO.ltrans0.ltrans.o
 .bss.keyboard_report_sent
                0x00000000008002a7        0x8 C:\Users\Arthu\AppData\Local\Temp\cctgrQJO.ltrans0.ltrans.o
 .bss.USB_Device_CurrentlySelfPowered
                0x00000000008002af        0x1 C:\Users\Arthu\AppData\Local\Temp\cctgrQJO.ltrans0.ltrans.o
 .bss.USB_Device_RemoteWakeupEnabled
                0x00000000008002b0        0x1 C:\Users\Arthu\AppData\Local\Temp\cctgrQJO.ltrans0.ltrans.o
 .bss.USB_DeviceState
                0x00000000008002b1        0x1 C:\Users\Arthu\AppData\Local\Temp\cctgrQJO.ltrans0.ltrans.o
 .bss.USB_Device_ConfigurationNumber
                0x00000000008002b2        0x1 C:\Users\Arthu\AppData\Local\Temp\cctgrQJO.ltrans0.ltrans.o
 .bss.USB_ControlRequest
                0x00000000008002b3        0x8 C:\Users\Arthu\AppData\Local\Temp\cctgrQJO.ltrans0.ltrans.o
 .bss.layer_state
                0x00000000008002bb        0x1 C:\Users\Arthu\AppData\Local\Temp\cctgrQJO.ltrans0.ltrans.o
 *(COMMON)
                0x00000000008002bc                PROVIDE (__bss_end = .)
                0x0000000000004288                __data_load_start = LOADADDR (.data)
                0x0000000000004318                __data_load_end = (__data_load_start + SIZEOF (.data))

.noinit         0x00000000008002bc        0x0
                [!provide]                        PROVIDE (__noinit_start = .)
 *(.noinit .noinit.* .gnu.linkonce.n.*)
                [!provide]                        PROVIDE (__noinit_end = .)
                0x00000000008002bc                _end = .
                [!provide]                        PROVIDE (__heap_start = .)

.eeprom         0x0000000000810000        0x0
 *(.eeprom*)
                0x0000000000810000                __eeprom_end = .

.fuse
 *(.fuse)
 *(.lfuse)
 *(.hfuse)
 *(.efuse)

.lock
 *(.lock*)

.signature
 *(.signature*)

.stab
 *(.stab)

.stabstr
 *(.stabstr)

.stab.excl
 *(.stab.excl)

.stab.exclstr
 *(.stab.exclstr)

.stab.index
 *(.stab.index)

.stab.indexstr
 *(.stab.indexstr)

.comment        0x0000000000000000       0x11
 *(.comment)
 .comment       0x0000000000000000       0x11 C:\Users\Arthu\AppData\Local\Temp\cctgrQJO.ltrans0.ltrans.o
                                         0x12 (size before relaxing)

.note.gnu.avr.deviceinfo
                0x0000000000000000       0x40
 .note.gnu.avr.deviceinfo
                0x0000000000000000       0x40 d:/qmk_msys/mingw64/bin/../lib/gcc/avr/8.5.0/../../../../avr/lib/avr5/crtatmega32u4.o

.note.gnu.build-id
 *(.note.gnu.build-id)

.debug
 *(.debug)

.line
 *(.line)

.debug_srcinfo
 *(.debug_srcinfo)

.debug_sfnames
 *(.debug_sfnames)

.debug_aranges  0x0000000000000000      0x2f8
 *(.debug_aranges)
 .debug_aranges
                0x0000000000000000      0x2f8 C:\Users\Arthu\AppData\Local\Temp\cctgrQJO.ltrans0.ltrans.o

.debug_pubnames
 *(.debug_pubnames)

.debug_info     0x0000000000000000    0x34a3a
 *(.debug_info .gnu.linkonce.wi.*)
 .debug_info    0x0000000000000000      0x9f4 d:/qmk_msys/mingw64/bin/../lib/gcc/avr/8.5.0/../../../../avr/lib/avr5/crtatmega32u4.o
 .debug_info    0x00000000000009f4    0x2aee9 C:\Users\Arthu\AppData\Local\Temp\ccqlOPzxdebugobj
                0x00000000000009f4                default_keyboard.c.cb823f9d
                0x00000000000011af                keymap_introspection.c.6894f87c
                0x0000000000003ab8                quantum.c.25f20a48
                0x000000000000696a                bitwise.c.ff2eac34
                0x0000000000006b33                led.c.0b29cad8
                0x0000000000006e41                action.c.fecef887
                0x0000000000009e2f                action_layer.c.9fb9d90c
                0x000000000000a945                action_tapping.c.9c286eb8
                0x000000000000cf00                action_util.c.b09e6dab
                0x000000000000d451                eeconfig.c.e15e1bca
                0x000000000000d6d4                keyboard.c.e21180e5
                0x000000000000e374                keymap_common.c.940779f4
                0x00000000000111b6                keycode_config.c.8f1a2c72
                0x00000000000132d0                sync_timer.c.bcb9ac63
                0x000000000001334c                debug.c.07d0a554
                0x0000000000013456                sendchar.c.613c70b9
                0x00000000000134dd                bootmagic_lite.c.6ea5c23c
                0x0000000000013d43                magic.c.dc9d1f82
                0x000000000001417f                matrix_common.c.d3a9d84d
                0x0000000000014cf9                matrix.c.d9498f20
                0x00000000000158ab                sym_defer_g.c.588c6813
                0x00000000000162c8                main.c.da96b177
                0x0000000000016347                color.c.0174c45e
                0x0000000000016566                rgblight.c.93362392
                0x0000000000017af6                process_rgb.c.85a5460a
                0x000000000001a473                ws2812.c.899fa158
                0x000000000001a64a                led_tables.c.2d187451
                0x000000000001a6d7                via.c.19dbc97b
                0x000000000001b5bd                process_magic.c.38d944c0
                0x000000000001ddc3                send_string.c.02f77b5a
                0x00000000000205a9                dynamic_keymap.c.d4a3d08c
                0x0000000000022fce                printf.c.1d88dd8e
                0x0000000000023095                host.c.3636a1e1
                0x00000000000236a9                report.c.b2844c92
                0x0000000000025a05                usb_device_state.c.c79adad4
                0x0000000000025b84                usb_util.c.990ea40e
                0x0000000000026365                suspend.c.165a7f87
                0x0000000000026429                hardware_id.c.1e9cd947
                0x0000000000026517                platform.c.b0448a96
                0x000000000002658c                suspend.c.eab57bd4
                0x0000000000026a88                timer.c.85065a81
                0x0000000000026c91                usbasploader.c.9b42cf4a
                0x0000000000026d30                lufa.c.363073c8
                0x00000000000280fa                usb_descriptor.c.acebb153
                0x0000000000028a9c                HIDParser.c.04bd4761
                0x0000000000029112                Device_AVR8.c.dbf356c0
                0x0000000000029279                EndpointStream_AVR8.c.26bbbacf
                0x0000000000029d93                Endpoint_AVR8.c.60609181
                0x000000000002a1ca                Host_AVR8.c.99e32b26
                0x000000000002a227                PipeStream_AVR8.c.a7d33fdd
                0x000000000002a284                Pipe_AVR8.c.a68918bf
                0x000000000002a2e1                USBController_AVR8.c.96a4ef66
                0x000000000002a605                USBInterrupt_AVR8.c.41395188
                0x000000000002a995                ConfigDescriptors.c.a7400c32
                0x000000000002acf6                DeviceStandardReq.c.be7c4ccf
                0x000000000002b299                Events.c.0249aab2
                0x000000000002b350                HostStandardReq.c.cc56feb6
                0x000000000002b3ad                USBTask.c.72a6ef6b
                0x000000000002b5a4                usb_util.c.be56695a
 .debug_info    0x000000000002b8dd     0x915d C:\Users\Arthu\AppData\Local\Temp\cctgrQJO.ltrans0.ltrans.o

.debug_abbrev   0x0000000000000000     0x605d
 *(.debug_abbrev)
 .debug_abbrev  0x0000000000000000      0x96a d:/qmk_msys/mingw64/bin/../lib/gcc/avr/8.5.0/../../../../avr/lib/avr5/crtatmega32u4.o
 .debug_abbrev  0x000000000000096a     0x53ad C:\Users\Arthu\AppData\Local\Temp\ccqlOPzxdebugobj
 .debug_abbrev  0x0000000000005d17      0x346 C:\Users\Arthu\AppData\Local\Temp\cctgrQJO.ltrans0.ltrans.o

.debug_line     0x0000000000000000    0x10ab9
 *(.debug_line .debug_line.* .debug_line_end)
 .debug_line    0x0000000000000000       0x1d d:/qmk_msys/mingw64/bin/../lib/gcc/avr/8.5.0/../../../../avr/lib/avr5/crtatmega32u4.o
 .debug_line    0x000000000000001d     0x4992 C:\Users\Arthu\AppData\Local\Temp\ccqlOPzxdebugobj
 .debug_line    0x00000000000049af     0xc10a C:\Users\Arthu\AppData\Local\Temp\cctgrQJO.ltrans0.ltrans.o

.debug_frame    0x0000000000000000      0x924
 *(.debug_frame)
 .debug_frame   0x0000000000000000      0x924 C:\Users\Arthu\AppData\Local\Temp\cctgrQJO.ltrans0.ltrans.o

.debug_str      0x0000000000000000     0xa5d1
 *(.debug_str)
 .debug_str     0x0000000000000000      0x371 d:/qmk_msys/mingw64/bin/../lib/gcc/avr/8.5.0/../../../../avr/lib/avr5/crtatmega32u4.o
 .debug_str     0x0000000000000371     0xa13a C:\Users\Arthu\AppData\Local\Temp\ccqlOPzxdebugobj
                                      0x3decf (size before relaxing)
 .debug_str     0x000000000000a4ab      0x126 C:\Users\Arthu\AppData\Local\Temp\cctgrQJO.ltrans0.ltrans.o
                                        0x14f (size before relaxing)

.debug_loc      0x0000000000000000     0x8787
 *(.debug_loc)
 .debug_loc     0x0000000000000000     0x8787 C:\Users\Arthu\AppData\Local\Temp\cctgrQJO.ltrans0.ltrans.o

.debug_macinfo
 *(.debug_macinfo)

.debug_weaknames
 *(.debug_weaknames)

.debug_funcnames
 *(.debug_funcnames)

.debug_typenames
 *(.debug_typenames)

.debug_varnames
 *(.debug_varnames)

.debug_pubtypes
 *(.debug_pubtypes)

.debug_ranges   0x0000000000000000     0x2000
 *(.debug_ranges)
 .debug_ranges  0x0000000000000000     0x2000 C:\Users\Arthu\AppData\Local\Temp\cctgrQJO.ltrans0.ltrans.o

.debug_addr
 *(.debug_addr)

.debug_line_str
 *(.debug_line_str)

.debug_loclists
 *(.debug_loclists)

.debug_macro
 *(.debug_macro)

.debug_names
 *(.debug_names)

.debug_rnglists
 *(.debug_rnglists)

.debug_str_offsets
 *(.debug_str_offsets)

.debug_sup
 *(.debug_sup)
OUTPUT(.build/tcbk40_default.elf elf32-avr)
LOAD linker stubs

Cross Reference Table

Symbol                                            File
CALLBACK_HIDParser_FilterHIDReportItem            .build/obj_tcbk40_default/lib/lufa/LUFA/Drivers/USB/Class/Common/HIDParser.o (symbol from plugin)
CALLBACK_USB_GetDescriptor                        .build/obj_tcbk40_default/lufa.o (symbol from plugin)
                                                  .build/obj_tcbk40_default/lib/lufa/LUFA/Drivers/USB/Core/DeviceStandardReq.o (symbol from plugin)
CIE1931_CURVE                                     .build/obj_tcbk40_default/quantum/led_tables.o (symbol from plugin)
                                                  .build/obj_tcbk40_default/quantum/color.o (symbol from plugin)
ConfigDescriptors.c.a7400c32                      C:\Users\Arthu\AppData\Local\Temp\ccqlOPzxdebugobj
ConfigurationDescriptor                           .build/obj_tcbk40_default/usb_descriptor.o (symbol from plugin)
DeviceDescriptor                                  .build/obj_tcbk40_default/usb_descriptor.o (symbol from plugin)
DeviceStandardReq.c.be7c4ccf                      C:\Users\Arthu\AppData\Local\Temp\ccqlOPzxdebugobj
                                                  C:\Users\Arthu\AppData\Local\Temp\cctgrQJO.ltrans0.ltrans.o
Device_AVR8.c.dbf356c0                            C:\Users\Arthu\AppData\Local\Temp\ccqlOPzxdebugobj
                                                  C:\Users\Arthu\AppData\Local\Temp\cctgrQJO.ltrans0.ltrans.o
EVENT_USB_Device_ConfigurationChanged             .build/obj_tcbk40_default/lufa.o (symbol from plugin)
                                                  .build/obj_tcbk40_default/lib/lufa/LUFA/Drivers/USB/Core/DeviceStandardReq.o (symbol from plugin)
EVENT_USB_Device_Connect                          .build/obj_tcbk40_default/lufa.o (symbol from plugin)
                                                  .build/obj_tcbk40_default/lib/lufa/LUFA/Drivers/USB/Core/AVR8/USBInterrupt_AVR8.o (symbol from plugin)
EVENT_USB_Device_ControlRequest                   .build/obj_tcbk40_default/lufa.o (symbol from plugin)
                                                  .build/obj_tcbk40_default/lib/lufa/LUFA/Drivers/USB/Core/DeviceStandardReq.o (symbol from plugin)
EVENT_USB_Device_Disconnect                       .build/obj_tcbk40_default/lufa.o (symbol from plugin)
                                                  .build/obj_tcbk40_default/lib/lufa/LUFA/Drivers/USB/Core/AVR8/USBInterrupt_AVR8.o (symbol from plugin)
EVENT_USB_Device_Reset                            .build/obj_tcbk40_default/lufa.o (symbol from plugin)
                                                  .build/obj_tcbk40_default/lib/lufa/LUFA/Drivers/USB/Core/AVR8/USBInterrupt_AVR8.o (symbol from plugin)
EVENT_USB_Device_StartOfFrame                     .build/obj_tcbk40_default/lib/lufa/LUFA/Drivers/USB/Core/Events.o (symbol from plugin)
                                                  .build/obj_tcbk40_default/lib/lufa/LUFA/Drivers/USB/Core/AVR8/USBInterrupt_AVR8.o (symbol from plugin)
EVENT_USB_Device_Suspend                          .build/obj_tcbk40_default/lufa.o (symbol from plugin)
                                                  .build/obj_tcbk40_default/lib/lufa/LUFA/Drivers/USB/Core/AVR8/USBInterrupt_AVR8.o (symbol from plugin)
EVENT_USB_Device_WakeUp                           .build/obj_tcbk40_default/lufa.o (symbol from plugin)
                                                  .build/obj_tcbk40_default/lib/lufa/LUFA/Drivers/USB/Core/AVR8/USBInterrupt_AVR8.o (symbol from plugin)
EndpointStream_AVR8.c.26bbbacf                    C:\Users\Arthu\AppData\Local\Temp\ccqlOPzxdebugobj
                                                  C:\Users\Arthu\AppData\Local\Temp\cctgrQJO.ltrans0.ltrans.o
Endpoint_AVR8.c.60609181                          C:\Users\Arthu\AppData\Local\Temp\ccqlOPzxdebugobj
                                                  C:\Users\Arthu\AppData\Local\Temp\cctgrQJO.ltrans0.ltrans.o
Endpoint_ClearEndpoints                           .build/obj_tcbk40_default/lib/lufa/LUFA/Drivers/USB/Core/AVR8/Endpoint_AVR8.o (symbol from plugin)
Endpoint_ClearStatusStage                         .build/obj_tcbk40_default/lib/lufa/LUFA/Drivers/USB/Core/AVR8/Endpoint_AVR8.o (symbol from plugin)
                                                  .build/obj_tcbk40_default/lib/lufa/LUFA/Drivers/USB/Core/DeviceStandardReq.o (symbol from plugin)
                                                  .build/obj_tcbk40_default/lufa.o (symbol from plugin)
Endpoint_ConfigureEndpointTable                   .build/obj_tcbk40_default/lib/lufa/LUFA/Drivers/USB/Core/AVR8/Endpoint_AVR8.o (symbol from plugin)
Endpoint_ConfigureEndpoint_Prv                    .build/obj_tcbk40_default/lib/lufa/LUFA/Drivers/USB/Core/AVR8/Endpoint_AVR8.o (symbol from plugin)
                                                  .build/obj_tcbk40_default/lib/lufa/LUFA/Drivers/USB/Core/AVR8/USBInterrupt_AVR8.o (symbol from plugin)
                                                  .build/obj_tcbk40_default/lib/lufa/LUFA/Drivers/USB/Core/AVR8/USBController_AVR8.o (symbol from plugin)
                                                  .build/obj_tcbk40_default/lufa.o (symbol from plugin)
Endpoint_Discard_Stream                           .build/obj_tcbk40_default/lib/lufa/LUFA/Drivers/USB/Core/AVR8/EndpointStream_AVR8.o (symbol from plugin)
Endpoint_Null_Stream                              .build/obj_tcbk40_default/lib/lufa/LUFA/Drivers/USB/Core/AVR8/EndpointStream_AVR8.o (symbol from plugin)
Endpoint_Read_Control_EStream_BE                  .build/obj_tcbk40_default/lib/lufa/LUFA/Drivers/USB/Core/AVR8/EndpointStream_AVR8.o (symbol from plugin)
Endpoint_Read_Control_EStream_LE                  .build/obj_tcbk40_default/lib/lufa/LUFA/Drivers/USB/Core/AVR8/EndpointStream_AVR8.o (symbol from plugin)
Endpoint_Read_Control_Stream_BE                   .build/obj_tcbk40_default/lib/lufa/LUFA/Drivers/USB/Core/AVR8/EndpointStream_AVR8.o (symbol from plugin)
Endpoint_Read_Control_Stream_LE                   .build/obj_tcbk40_default/lib/lufa/LUFA/Drivers/USB/Core/AVR8/EndpointStream_AVR8.o (symbol from plugin)
Endpoint_Read_EStream_BE                          .build/obj_tcbk40_default/lib/lufa/LUFA/Drivers/USB/Core/AVR8/EndpointStream_AVR8.o (symbol from plugin)
Endpoint_Read_EStream_LE                          .build/obj_tcbk40_default/lib/lufa/LUFA/Drivers/USB/Core/AVR8/EndpointStream_AVR8.o (symbol from plugin)
Endpoint_Read_Stream_BE                           .build/obj_tcbk40_default/lib/lufa/LUFA/Drivers/USB/Core/AVR8/EndpointStream_AVR8.o (symbol from plugin)
Endpoint_Read_Stream_LE                           .build/obj_tcbk40_default/lib/lufa/LUFA/Drivers/USB/Core/AVR8/EndpointStream_AVR8.o (symbol from plugin)
                                                  .build/obj_tcbk40_default/lufa.o (symbol from plugin)
Endpoint_WaitUntilReady                           .build/obj_tcbk40_default/lib/lufa/LUFA/Drivers/USB/Core/AVR8/Endpoint_AVR8.o (symbol from plugin)
                                                  .build/obj_tcbk40_default/lib/lufa/LUFA/Drivers/USB/Core/AVR8/EndpointStream_AVR8.o (symbol from plugin)
Endpoint_Write_Control_EStream_BE                 .build/obj_tcbk40_default/lib/lufa/LUFA/Drivers/USB/Core/AVR8/EndpointStream_AVR8.o (symbol from plugin)
Endpoint_Write_Control_EStream_LE                 .build/obj_tcbk40_default/lib/lufa/LUFA/Drivers/USB/Core/AVR8/EndpointStream_AVR8.o (symbol from plugin)
Endpoint_Write_Control_PStream_BE                 .build/obj_tcbk40_default/lib/lufa/LUFA/Drivers/USB/Core/AVR8/EndpointStream_AVR8.o (symbol from plugin)
Endpoint_Write_Control_PStream_LE                 .build/obj_tcbk40_default/lib/lufa/LUFA/Drivers/USB/Core/AVR8/EndpointStream_AVR8.o (symbol from plugin)
                                                  .build/obj_tcbk40_default/lib/lufa/LUFA/Drivers/USB/Core/DeviceStandardReq.o (symbol from plugin)
Endpoint_Write_Control_Stream_BE                  .build/obj_tcbk40_default/lib/lufa/LUFA/Drivers/USB/Core/AVR8/EndpointStream_AVR8.o (symbol from plugin)
Endpoint_Write_Control_Stream_LE                  .build/obj_tcbk40_default/lib/lufa/LUFA/Drivers/USB/Core/AVR8/EndpointStream_AVR8.o (symbol from plugin)
                                                  .build/obj_tcbk40_default/lib/lufa/LUFA/Drivers/USB/Core/DeviceStandardReq.o (symbol from plugin)
                                                  .build/obj_tcbk40_default/lufa.o (symbol from plugin)
Endpoint_Write_EStream_BE                         .build/obj_tcbk40_default/lib/lufa/LUFA/Drivers/USB/Core/AVR8/EndpointStream_AVR8.o (symbol from plugin)
Endpoint_Write_EStream_LE                         .build/obj_tcbk40_default/lib/lufa/LUFA/Drivers/USB/Core/AVR8/EndpointStream_AVR8.o (symbol from plugin)
Endpoint_Write_PStream_BE                         .build/obj_tcbk40_default/lib/lufa/LUFA/Drivers/USB/Core/AVR8/EndpointStream_AVR8.o (symbol from plugin)
Endpoint_Write_PStream_LE                         .build/obj_tcbk40_default/lib/lufa/LUFA/Drivers/USB/Core/AVR8/EndpointStream_AVR8.o (symbol from plugin)
Endpoint_Write_Stream_BE                          .build/obj_tcbk40_default/lib/lufa/LUFA/Drivers/USB/Core/AVR8/EndpointStream_AVR8.o (symbol from plugin)
Endpoint_Write_Stream_LE                          .build/obj_tcbk40_default/lib/lufa/LUFA/Drivers/USB/Core/AVR8/EndpointStream_AVR8.o (symbol from plugin)
                                                  .build/obj_tcbk40_default/lufa.o (symbol from plugin)
Events.c.0249aab2                                 C:\Users\Arthu\AppData\Local\Temp\ccqlOPzxdebugobj
                                                  C:\Users\Arthu\AppData\Local\Temp\cctgrQJO.ltrans0.ltrans.o
HIDParser.c.04bd4761                              C:\Users\Arthu\AppData\Local\Temp\ccqlOPzxdebugobj
HostStandardReq.c.cc56feb6                        C:\Users\Arthu\AppData\Local\Temp\ccqlOPzxdebugobj
Host_AVR8.c.99e32b26                              C:\Users\Arthu\AppData\Local\Temp\ccqlOPzxdebugobj
KeyboardReport                                    .build/obj_tcbk40_default/usb_descriptor.o (symbol from plugin)
LanguageString                                    .build/obj_tcbk40_default/usb_descriptor.o (symbol from plugin)
ManufacturerString                                .build/obj_tcbk40_default/usb_descriptor.o (symbol from plugin)
PipeStream_AVR8.c.a7d33fdd                        C:\Users\Arthu\AppData\Local\Temp\ccqlOPzxdebugobj
Pipe_AVR8.c.a68918bf                              C:\Users\Arthu\AppData\Local\Temp\ccqlOPzxdebugobj
ProductString                                     .build/obj_tcbk40_default/usb_descriptor.o (symbol from plugin)
RGBLED_BREATHING_INTERVALS                        .build/obj_tcbk40_default/quantum/rgblight/rgblight.o (symbol from plugin)
RGBLED_GRADIENT_RANGES                            .build/obj_tcbk40_default/quantum/rgblight/rgblight.o (symbol from plugin)
RGBLED_KNIGHT_INTERVALS                           .build/obj_tcbk40_default/quantum/rgblight/rgblight.o (symbol from plugin)
RGBLED_RAINBOW_MOOD_INTERVALS                     .build/obj_tcbk40_default/quantum/rgblight/rgblight.o (symbol from plugin)
RGBLED_RAINBOW_SWIRL_INTERVALS                    .build/obj_tcbk40_default/quantum/rgblight/rgblight.o (symbol from plugin)
RGBLED_RGBTEST_INTERVALS                          .build/obj_tcbk40_default/quantum/rgblight/rgblight.o (symbol from plugin)
RGBLED_SNAKE_INTERVALS                            .build/obj_tcbk40_default/quantum/rgblight/rgblight.o (symbol from plugin)
RawReport                                         .build/obj_tcbk40_default/usb_descriptor.o (symbol from plugin)
SharedReport                                      .build/obj_tcbk40_default/usb_descriptor.o (symbol from plugin)
USBController_AVR8.c.96a4ef66                     C:\Users\Arthu\AppData\Local\Temp\ccqlOPzxdebugobj
                                                  C:\Users\Arthu\AppData\Local\Temp\cctgrQJO.ltrans0.ltrans.o
USBInterrupt_AVR8.c.41395188                      C:\Users\Arthu\AppData\Local\Temp\ccqlOPzxdebugobj
                                                  C:\Users\Arthu\AppData\Local\Temp\cctgrQJO.ltrans0.ltrans.o
USBTask.c.72a6ef6b                                C:\Users\Arthu\AppData\Local\Temp\ccqlOPzxdebugobj
                                                  C:\Users\Arthu\AppData\Local\Temp\cctgrQJO.ltrans0.ltrans.o
USB_ControlRequest                                .build/obj_tcbk40_default/lib/lufa/LUFA/Drivers/USB/Core/USBTask.o (symbol from plugin)
                                                  .build/obj_tcbk40_default/lib/lufa/LUFA/Drivers/USB/Core/DeviceStandardReq.o (symbol from plugin)
                                                  .build/obj_tcbk40_default/lib/lufa/LUFA/Drivers/USB/Core/AVR8/Endpoint_AVR8.o (symbol from plugin)
                                                  .build/obj_tcbk40_default/lib/lufa/LUFA/Drivers/USB/Core/AVR8/EndpointStream_AVR8.o (symbol from plugin)
                                                  .build/obj_tcbk40_default/lufa.o (symbol from plugin)
USB_DeviceState                                   .build/obj_tcbk40_default/lib/lufa/LUFA/Drivers/USB/Core/USBTask.o (symbol from plugin)
                                                  .build/obj_tcbk40_default/protocol/lufa/usb_util.o (symbol from plugin)
                                                  .build/obj_tcbk40_default/lib/lufa/LUFA/Drivers/USB/Core/DeviceStandardReq.o (symbol from plugin)
                                                  .build/obj_tcbk40_default/lib/lufa/LUFA/Drivers/USB/Core/AVR8/USBInterrupt_AVR8.o (symbol from plugin)
                                                  .build/obj_tcbk40_default/lib/lufa/LUFA/Drivers/USB/Core/AVR8/USBController_AVR8.o (symbol from plugin)
                                                  .build/obj_tcbk40_default/lib/lufa/LUFA/Drivers/USB/Core/AVR8/Endpoint_AVR8.o (symbol from plugin)
                                                  .build/obj_tcbk40_default/lib/lufa/LUFA/Drivers/USB/Core/AVR8/EndpointStream_AVR8.o (symbol from plugin)
                                                  .build/obj_tcbk40_default/lufa.o (symbol from plugin)
                                                  .build/obj_tcbk40_default/platforms/avr/suspend.o (symbol from plugin)
USB_Device_ConfigurationNumber                    .build/obj_tcbk40_default/lib/lufa/LUFA/Drivers/USB/Core/DeviceStandardReq.o (symbol from plugin)
                                                  .build/obj_tcbk40_default/lib/lufa/LUFA/Drivers/USB/Core/AVR8/USBInterrupt_AVR8.o (symbol from plugin)
                                                  .build/obj_tcbk40_default/lib/lufa/LUFA/Drivers/USB/Core/AVR8/USBController_AVR8.o (symbol from plugin)
                                                  .build/obj_tcbk40_default/lufa.o (symbol from plugin)
USB_Device_CurrentlySelfPowered                   .build/obj_tcbk40_default/lib/lufa/LUFA/Drivers/USB/Core/DeviceStandardReq.o (symbol from plugin)
                                                  .build/obj_tcbk40_default/lib/lufa/LUFA/Drivers/USB/Core/AVR8/USBController_AVR8.o (symbol from plugin)
USB_Device_ProcessControlRequest                  .build/obj_tcbk40_default/lib/lufa/LUFA/Drivers/USB/Core/DeviceStandardReq.o (symbol from plugin)
                                                  .build/obj_tcbk40_default/lib/lufa/LUFA/Drivers/USB/Core/USBTask.o (symbol from plugin)
                                                  .build/obj_tcbk40_default/lib/lufa/LUFA/Drivers/USB/Core/AVR8/USBInterrupt_AVR8.o (symbol from plugin)
USB_Device_RemoteWakeupEnabled                    .build/obj_tcbk40_default/lib/lufa/LUFA/Drivers/USB/Core/DeviceStandardReq.o (symbol from plugin)
                                                  .build/obj_tcbk40_default/lib/lufa/LUFA/Drivers/USB/Core/AVR8/USBController_AVR8.o (symbol from plugin)
                                                  .build/obj_tcbk40_default/lufa.o (symbol from plugin)
USB_Device_SendRemoteWakeup                       .build/obj_tcbk40_default/lib/lufa/LUFA/Drivers/USB/Core/AVR8/Device_AVR8.o (symbol from plugin)
                                                  .build/obj_tcbk40_default/lufa.o (symbol from plugin)
USB_Disable                                       .build/obj_tcbk40_default/lib/lufa/LUFA/Drivers/USB/Core/AVR8/USBController_AVR8.o (symbol from plugin)
                                                  .build/obj_tcbk40_default/protocol/lufa/usb_util.o (symbol from plugin)
                                                  .build/obj_tcbk40_default/lufa.o (symbol from plugin)
USB_Event_Stub                                    .build/obj_tcbk40_default/lib/lufa/LUFA/Drivers/USB/Core/Events.o (symbol from plugin)
USB_Event_Stub_2                                  .build/obj_tcbk40_default/lib/lufa/LUFA/Drivers/USB/Core/Events.o (symbol from plugin)
USB_Event_Stub_3                                  .build/obj_tcbk40_default/lib/lufa/LUFA/Drivers/USB/Core/Events.o (symbol from plugin)
USB_GetHIDReportItemInfo                          .build/obj_tcbk40_default/lib/lufa/LUFA/Drivers/USB/Class/Common/HIDParser.o (symbol from plugin)
USB_GetHIDReportSize                              .build/obj_tcbk40_default/lib/lufa/LUFA/Drivers/USB/Class/Common/HIDParser.o (symbol from plugin)
USB_GetNextDescriptorComp                         .build/obj_tcbk40_default/lib/lufa/LUFA/Drivers/USB/Core/ConfigDescriptors.o (symbol from plugin)
USB_GetNextDescriptorOfType                       .build/obj_tcbk40_default/lib/lufa/LUFA/Drivers/USB/Core/ConfigDescriptors.o (symbol from plugin)
USB_GetNextDescriptorOfTypeAfter                  .build/obj_tcbk40_default/lib/lufa/LUFA/Drivers/USB/Core/ConfigDescriptors.o (symbol from plugin)
USB_GetNextDescriptorOfTypeBefore                 .build/obj_tcbk40_default/lib/lufa/LUFA/Drivers/USB/Core/ConfigDescriptors.o (symbol from plugin)
USB_INT_ClearAllInterrupts                        .build/obj_tcbk40_default/lib/lufa/LUFA/Drivers/USB/Core/AVR8/USBInterrupt_AVR8.o (symbol from plugin)
                                                  .build/obj_tcbk40_default/lib/lufa/LUFA/Drivers/USB/Core/AVR8/USBController_AVR8.o (symbol from plugin)
USB_INT_DisableAllInterrupts                      .build/obj_tcbk40_default/lib/lufa/LUFA/Drivers/USB/Core/AVR8/USBInterrupt_AVR8.o (symbol from plugin)
                                                  .build/obj_tcbk40_default/lib/lufa/LUFA/Drivers/USB/Core/AVR8/USBController_AVR8.o (symbol from plugin)
USB_Init                                          .build/obj_tcbk40_default/lib/lufa/LUFA/Drivers/USB/Core/AVR8/USBController_AVR8.o (symbol from plugin)
                                                  .build/obj_tcbk40_default/lufa.o (symbol from plugin)
USB_IsInitialized                                 .build/obj_tcbk40_default/lib/lufa/LUFA/Drivers/USB/Core/USBTask.o (symbol from plugin)
                                                  .build/obj_tcbk40_default/lib/lufa/LUFA/Drivers/USB/Core/AVR8/USBController_AVR8.o (symbol from plugin)
                                                  .build/obj_tcbk40_default/lufa.o (symbol from plugin)
USB_ProcessHIDReport                              .build/obj_tcbk40_default/lib/lufa/LUFA/Drivers/USB/Class/Common/HIDParser.o (symbol from plugin)
USB_ResetInterface                                .build/obj_tcbk40_default/lib/lufa/LUFA/Drivers/USB/Core/AVR8/USBController_AVR8.o (symbol from plugin)
USB_SetHIDReportItemInfo                          .build/obj_tcbk40_default/lib/lufa/LUFA/Drivers/USB/Class/Common/HIDParser.o (symbol from plugin)
USB_USBTask                                       .build/obj_tcbk40_default/lib/lufa/LUFA/Drivers/USB/Core/USBTask.o (symbol from plugin)
                                                  .build/obj_tcbk40_default/lufa.o (symbol from plugin)
__FUSE_REGION_LENGTH__                            d:/qmk_msys/mingw64/bin/../lib/gcc/avr/8.5.0/../../../../avr/lib/avr5/crtatmega32u4.o
__bad_interrupt                                   d:/qmk_msys/mingw64/bin/../lib/gcc/avr/8.5.0/../../../../avr/lib/avr5/crtatmega32u4.o
__bss_end                                         d:/qmk_msys/mingw64/bin/../lib/gcc/avr/8.5.0/avr5\libgcc.a(_clear_bss.o)
__bss_start                                       d:/qmk_msys/mingw64/bin/../lib/gcc/avr/8.5.0/avr5\libgcc.a(_clear_bss.o)
__bswapsi2                                        d:/qmk_msys/mingw64/bin/../lib/gcc/avr/8.5.0/avr5\libgcc.a(_bswapsi2.o)
                                                  C:\Users\Arthu\AppData\Local\Temp\cctgrQJO.ltrans0.ltrans.o
__data_end                                        d:/qmk_msys/mingw64/bin/../lib/gcc/avr/8.5.0/avr5\libgcc.a(_copy_data.o)
__data_load_start                                 d:/qmk_msys/mingw64/bin/../lib/gcc/avr/8.5.0/avr5\libgcc.a(_copy_data.o)
__data_start                                      d:/qmk_msys/mingw64/bin/../lib/gcc/avr/8.5.0/avr5\libgcc.a(_copy_data.o)
__divmodhi4                                       d:/qmk_msys/mingw64/bin/../lib/gcc/avr/8.5.0/avr5\libgcc.a(_divmodhi4.o)
                                                  C:\Users\Arthu\AppData\Local\Temp\cctgrQJO.ltrans0.ltrans.o
__divmodqi4                                       d:/qmk_msys/mingw64/bin/../lib/gcc/avr/8.5.0/avr5\libgcc.a(_divmodqi4.o)
                                                  C:\Users\Arthu\AppData\Local\Temp\cctgrQJO.ltrans0.ltrans.o
__do_clear_bss                                    d:/qmk_msys/mingw64/bin/../lib/gcc/avr/8.5.0/avr5\libgcc.a(_clear_bss.o)
                                                  C:\Users\Arthu\AppData\Local\Temp\cctgrQJO.ltrans0.ltrans.o
__do_copy_data                                    d:/qmk_msys/mingw64/bin/../lib/gcc/avr/8.5.0/avr5\libgcc.a(_copy_data.o)
                                                  C:\Users\Arthu\AppData\Local\Temp\cctgrQJO.ltrans0.ltrans.o
__epilogue_restores__                             d:/qmk_msys/mingw64/bin/../lib/gcc/avr/8.5.0/avr5\libgcc.a(_epilogue.o)
                                                  C:\Users\Arthu\AppData\Local\Temp\cctgrQJO.ltrans0.ltrans.o
                                                  d:/qmk_msys/mingw64/bin/../lib/gcc/avr/8.5.0/../../../../avr/lib/avr5\libprintf_min.a(vfprintf_min.o)
__heap_end                                        d:/qmk_msys/mingw64/bin/../lib/gcc/avr/8.5.0/../../../../avr/lib/avr5/crtatmega32u4.o
__init                                            d:/qmk_msys/mingw64/bin/../lib/gcc/avr/8.5.0/../../../../avr/lib/avr5/crtatmega32u4.o
__mulhisi3                                        d:/qmk_msys/mingw64/bin/../lib/gcc/avr/8.5.0/avr5\libgcc.a(_mulhisi3.o)
                                                  C:\Users\Arthu\AppData\Local\Temp\cctgrQJO.ltrans0.ltrans.o
__mulohisi3                                       d:/qmk_msys/mingw64/bin/../lib/gcc/avr/8.5.0/avr5\libgcc.a(_mulshisi3.o)
__mulshisi3                                       d:/qmk_msys/mingw64/bin/../lib/gcc/avr/8.5.0/avr5\libgcc.a(_mulshisi3.o)
                                                  C:\Users\Arthu\AppData\Local\Temp\cctgrQJO.ltrans0.ltrans.o
__muluhisi3                                       d:/qmk_msys/mingw64/bin/../lib/gcc/avr/8.5.0/avr5\libgcc.a(_muluhisi3.o)
                                                  d:/qmk_msys/mingw64/bin/../lib/gcc/avr/8.5.0/avr5\libgcc.a(_mulshisi3.o)
                                                  C:\Users\Arthu\AppData\Local\Temp\cctgrQJO.ltrans0.ltrans.o
__prologue_saves__                                d:/qmk_msys/mingw64/bin/../lib/gcc/avr/8.5.0/avr5\libgcc.a(_prologue.o)
                                                  C:\Users\Arthu\AppData\Local\Temp\cctgrQJO.ltrans0.ltrans.o
                                                  d:/qmk_msys/mingw64/bin/../lib/gcc/avr/8.5.0/../../../../avr/lib/avr5\libprintf_min.a(vfprintf_min.o)
__stack                                           d:/qmk_msys/mingw64/bin/../lib/gcc/avr/8.5.0/../../../../avr/lib/avr5/crtatmega32u4.o
__tablejump2__                                    d:/qmk_msys/mingw64/bin/../lib/gcc/avr/8.5.0/avr5\libgcc.a(_tablejump2.o)
                                                  C:\Users\Arthu\AppData\Local\Temp\cctgrQJO.ltrans0.ltrans.o
__udivmodhi4                                      d:/qmk_msys/mingw64/bin/../lib/gcc/avr/8.5.0/avr5\libgcc.a(_udivmodhi4.o)
                                                  d:/qmk_msys/mingw64/bin/../lib/gcc/avr/8.5.0/avr5\libgcc.a(_divmodhi4.o)
                                                  C:\Users\Arthu\AppData\Local\Temp\cctgrQJO.ltrans0.ltrans.o
__udivmodqi4                                      d:/qmk_msys/mingw64/bin/../lib/gcc/avr/8.5.0/avr5\libgcc.a(_udivmodqi4.o)
                                                  d:/qmk_msys/mingw64/bin/../lib/gcc/avr/8.5.0/avr5\libgcc.a(_divmodqi4.o)
__udivmodsi4                                      d:/qmk_msys/mingw64/bin/../lib/gcc/avr/8.5.0/avr5\libgcc.a(_udivmodsi4.o)
                                                  C:\Users\Arthu\AppData\Local\Temp\cctgrQJO.ltrans0.ltrans.o
__ultoa_invert                                    d:/qmk_msys/mingw64/bin/../lib/gcc/avr/8.5.0/../../../../avr/lib/avr5\libc.a(ultoa_invert.o)
                                                  d:/qmk_msys/mingw64/bin/../lib/gcc/avr/8.5.0/../../../../avr/lib/avr5\libprintf_min.a(vfprintf_min.o)
__umulhisi3                                       d:/qmk_msys/mingw64/bin/../lib/gcc/avr/8.5.0/avr5\libgcc.a(_umulhisi3.o)
                                                  d:/qmk_msys/mingw64/bin/../lib/gcc/avr/8.5.0/avr5\libgcc.a(_muluhisi3.o)
                                                  d:/qmk_msys/mingw64/bin/../lib/gcc/avr/8.5.0/avr5\libgcc.a(_usmulhisi3.o)
                                                  d:/qmk_msys/mingw64/bin/../lib/gcc/avr/8.5.0/avr5\libgcc.a(_mulhisi3.o)
                                                  C:\Users\Arthu\AppData\Local\Temp\cctgrQJO.ltrans0.ltrans.o
__usmulhisi3                                      d:/qmk_msys/mingw64/bin/../lib/gcc/avr/8.5.0/avr5\libgcc.a(_usmulhisi3.o)
__usmulhisi3_tail                                 d:/qmk_msys/mingw64/bin/../lib/gcc/avr/8.5.0/avr5\libgcc.a(_usmulhisi3.o)
                                                  d:/qmk_msys/mingw64/bin/../lib/gcc/avr/8.5.0/avr5\libgcc.a(_mulhisi3.o)
__vector_1                                        d:/qmk_msys/mingw64/bin/../lib/gcc/avr/8.5.0/../../../../avr/lib/avr5/crtatmega32u4.o
__vector_10                                       C:\Users\Arthu\AppData\Local\Temp\cctgrQJO.ltrans0.ltrans.o
                                                  .build/obj_tcbk40_default/lib/lufa/LUFA/Drivers/USB/Core/AVR8/USBInterrupt_AVR8.o (symbol from plugin)
                                                  d:/qmk_msys/mingw64/bin/../lib/gcc/avr/8.5.0/../../../../avr/lib/avr5/crtatmega32u4.o
__vector_11                                       C:\Users\Arthu\AppData\Local\Temp\cctgrQJO.ltrans0.ltrans.o
                                                  .build/obj_tcbk40_default/lib/lufa/LUFA/Drivers/USB/Core/AVR8/USBInterrupt_AVR8.o (symbol from plugin)
                                                  d:/qmk_msys/mingw64/bin/../lib/gcc/avr/8.5.0/../../../../avr/lib/avr5/crtatmega32u4.o
__vector_12                                       C:\Users\Arthu\AppData\Local\Temp\cctgrQJO.ltrans0.ltrans.o
                                                  .build/obj_tcbk40_default/platforms/avr/suspend.o (symbol from plugin)
                                                  d:/qmk_msys/mingw64/bin/../lib/gcc/avr/8.5.0/../../../../avr/lib/avr5/crtatmega32u4.o
__vector_13                                       d:/qmk_msys/mingw64/bin/../lib/gcc/avr/8.5.0/../../../../avr/lib/avr5/crtatmega32u4.o
__vector_14                                       d:/qmk_msys/mingw64/bin/../lib/gcc/avr/8.5.0/../../../../avr/lib/avr5/crtatmega32u4.o
__vector_15                                       d:/qmk_msys/mingw64/bin/../lib/gcc/avr/8.5.0/../../../../avr/lib/avr5/crtatmega32u4.o
__vector_16                                       d:/qmk_msys/mingw64/bin/../lib/gcc/avr/8.5.0/../../../../avr/lib/avr5/crtatmega32u4.o
__vector_17                                       d:/qmk_msys/mingw64/bin/../lib/gcc/avr/8.5.0/../../../../avr/lib/avr5/crtatmega32u4.o
__vector_18                                       d:/qmk_msys/mingw64/bin/../lib/gcc/avr/8.5.0/../../../../avr/lib/avr5/crtatmega32u4.o
__vector_19                                       d:/qmk_msys/mingw64/bin/../lib/gcc/avr/8.5.0/../../../../avr/lib/avr5/crtatmega32u4.o
__vector_2                                        d:/qmk_msys/mingw64/bin/../lib/gcc/avr/8.5.0/../../../../avr/lib/avr5/crtatmega32u4.o
__vector_20                                       d:/qmk_msys/mingw64/bin/../lib/gcc/avr/8.5.0/../../../../avr/lib/avr5/crtatmega32u4.o
__vector_21                                       C:\Users\Arthu\AppData\Local\Temp\cctgrQJO.ltrans0.ltrans.o
                                                  .build/obj_tcbk40_default/platforms/avr/timer.o (symbol from plugin)
                                                  d:/qmk_msys/mingw64/bin/../lib/gcc/avr/8.5.0/../../../../avr/lib/avr5/crtatmega32u4.o
__vector_22                                       d:/qmk_msys/mingw64/bin/../lib/gcc/avr/8.5.0/../../../../avr/lib/avr5/crtatmega32u4.o
__vector_23                                       d:/qmk_msys/mingw64/bin/../lib/gcc/avr/8.5.0/../../../../avr/lib/avr5/crtatmega32u4.o
__vector_24                                       d:/qmk_msys/mingw64/bin/../lib/gcc/avr/8.5.0/../../../../avr/lib/avr5/crtatmega32u4.o
__vector_25                                       d:/qmk_msys/mingw64/bin/../lib/gcc/avr/8.5.0/../../../../avr/lib/avr5/crtatmega32u4.o
__vector_26                                       d:/qmk_msys/mingw64/bin/../lib/gcc/avr/8.5.0/../../../../avr/lib/avr5/crtatmega32u4.o
__vector_27                                       d:/qmk_msys/mingw64/bin/../lib/gcc/avr/8.5.0/../../../../avr/lib/avr5/crtatmega32u4.o
__vector_28                                       d:/qmk_msys/mingw64/bin/../lib/gcc/avr/8.5.0/../../../../avr/lib/avr5/crtatmega32u4.o
__vector_29                                       d:/qmk_msys/mingw64/bin/../lib/gcc/avr/8.5.0/../../../../avr/lib/avr5/crtatmega32u4.o
__vector_3                                        d:/qmk_msys/mingw64/bin/../lib/gcc/avr/8.5.0/../../../../avr/lib/avr5/crtatmega32u4.o
__vector_30                                       d:/qmk_msys/mingw64/bin/../lib/gcc/avr/8.5.0/../../../../avr/lib/avr5/crtatmega32u4.o
__vector_31                                       d:/qmk_msys/mingw64/bin/../lib/gcc/avr/8.5.0/../../../../avr/lib/avr5/crtatmega32u4.o
__vector_32                                       d:/qmk_msys/mingw64/bin/../lib/gcc/avr/8.5.0/../../../../avr/lib/avr5/crtatmega32u4.o
__vector_33                                       d:/qmk_msys/mingw64/bin/../lib/gcc/avr/8.5.0/../../../../avr/lib/avr5/crtatmega32u4.o
__vector_34                                       d:/qmk_msys/mingw64/bin/../lib/gcc/avr/8.5.0/../../../../avr/lib/avr5/crtatmega32u4.o
__vector_35                                       d:/qmk_msys/mingw64/bin/../lib/gcc/avr/8.5.0/../../../../avr/lib/avr5/crtatmega32u4.o
__vector_36                                       d:/qmk_msys/mingw64/bin/../lib/gcc/avr/8.5.0/../../../../avr/lib/avr5/crtatmega32u4.o
__vector_37                                       d:/qmk_msys/mingw64/bin/../lib/gcc/avr/8.5.0/../../../../avr/lib/avr5/crtatmega32u4.o
__vector_38                                       d:/qmk_msys/mingw64/bin/../lib/gcc/avr/8.5.0/../../../../avr/lib/avr5/crtatmega32u4.o
__vector_39                                       d:/qmk_msys/mingw64/bin/../lib/gcc/avr/8.5.0/../../../../avr/lib/avr5/crtatmega32u4.o
__vector_4                                        d:/qmk_msys/mingw64/bin/../lib/gcc/avr/8.5.0/../../../../avr/lib/avr5/crtatmega32u4.o
__vector_40                                       d:/qmk_msys/mingw64/bin/../lib/gcc/avr/8.5.0/../../../../avr/lib/avr5/crtatmega32u4.o
__vector_41                                       d:/qmk_msys/mingw64/bin/../lib/gcc/avr/8.5.0/../../../../avr/lib/avr5/crtatmega32u4.o
__vector_42                                       d:/qmk_msys/mingw64/bin/../lib/gcc/avr/8.5.0/../../../../avr/lib/avr5/crtatmega32u4.o
__vector_5                                        d:/qmk_msys/mingw64/bin/../lib/gcc/avr/8.5.0/../../../../avr/lib/avr5/crtatmega32u4.o
__vector_6                                        d:/qmk_msys/mingw64/bin/../lib/gcc/avr/8.5.0/../../../../avr/lib/avr5/crtatmega32u4.o
__vector_7                                        d:/qmk_msys/mingw64/bin/../lib/gcc/avr/8.5.0/../../../../avr/lib/avr5/crtatmega32u4.o
__vector_8                                        d:/qmk_msys/mingw64/bin/../lib/gcc/avr/8.5.0/../../../../avr/lib/avr5/crtatmega32u4.o
__vector_9                                        d:/qmk_msys/mingw64/bin/../lib/gcc/avr/8.5.0/../../../../avr/lib/avr5/crtatmega32u4.o
__vector_default                                  d:/qmk_msys/mingw64/bin/../lib/gcc/avr/8.5.0/../../../../avr/lib/avr5/crtatmega32u4.o
__vectors                                         d:/qmk_msys/mingw64/bin/../lib/gcc/avr/8.5.0/../../../../avr/lib/avr5/crtatmega32u4.o
__xprintf                                         .build/obj_tcbk40_default/platforms/avr/xprintf.o
_div                                              d:/qmk_msys/mingw64/bin/../lib/gcc/avr/8.5.0/avr5\libgcc.a(_divmodhi4.o)
_exit                                             d:/qmk_msys/mingw64/bin/../lib/gcc/avr/8.5.0/avr5\libgcc.a(_exit.o)
action.c.fecef887                                 C:\Users\Arthu\AppData\Local\Temp\ccqlOPzxdebugobj
                                                  C:\Users\Arthu\AppData\Local\Temp\cctgrQJO.ltrans0.ltrans.o
action_exec                                       .build/obj_tcbk40_default/quantum/action.o (symbol from plugin)
                                                  .build/obj_tcbk40_default/quantum/keyboard.o (symbol from plugin)
action_for_key                                    .build/obj_tcbk40_default/quantum/keymap_common.o (symbol from plugin)
                                                  .build/obj_tcbk40_default/quantum/action_layer.o (symbol from plugin)
action_for_keycode                                .build/obj_tcbk40_default/quantum/keymap_common.o (symbol from plugin)
action_layer.c.9fb9d90c                           C:\Users\Arthu\AppData\Local\Temp\ccqlOPzxdebugobj
                                                  C:\Users\Arthu\AppData\Local\Temp\cctgrQJO.ltrans0.ltrans.o
action_tapping.c.9c286eb8                         C:\Users\Arthu\AppData\Local\Temp\ccqlOPzxdebugobj
                                                  C:\Users\Arthu\AppData\Local\Temp\cctgrQJO.ltrans0.ltrans.o
action_tapping_process                            .build/obj_tcbk40_default/quantum/action_tapping.o (symbol from plugin)
                                                  .build/obj_tcbk40_default/quantum/action.o (symbol from plugin)
action_util.c.b09e6dab                            C:\Users\Arthu\AppData\Local\Temp\ccqlOPzxdebugobj
                                                  C:\Users\Arthu\AppData\Local\Temp\cctgrQJO.ltrans0.ltrans.o
add_key                                           .build/obj_tcbk40_default/quantum/action_util.o (symbol from plugin)
                                                  .build/obj_tcbk40_default/quantum/action.o (symbol from plugin)
add_key_byte                                      .build/obj_tcbk40_default/protocol/report.o (symbol from plugin)
add_key_to_report                                 .build/obj_tcbk40_default/protocol/report.o (symbol from plugin)
                                                  .build/obj_tcbk40_default/quantum/action_util.o (symbol from plugin)
                                                  .build/obj_tcbk40_default/quantum/action.o (symbol from plugin)
add_mods                                          .build/obj_tcbk40_default/quantum/action_util.o (symbol from plugin)
                                                  .build/obj_tcbk40_default/quantum/action.o (symbol from plugin)
add_weak_mods                                     .build/obj_tcbk40_default/quantum/action_util.o (symbol from plugin)
                                                  .build/obj_tcbk40_default/quantum/action.o (symbol from plugin)
animation_status                                  .build/obj_tcbk40_default/quantum/rgblight/rgblight.o (symbol from plugin)
ascii_to_altgr_lut                                .build/obj_tcbk40_default/quantum/send_string/send_string.o (symbol from plugin)
ascii_to_dead_lut                                 .build/obj_tcbk40_default/quantum/send_string/send_string.o (symbol from plugin)
ascii_to_keycode_lut                              .build/obj_tcbk40_default/quantum/send_string/send_string.o (symbol from plugin)
ascii_to_shift_lut                                .build/obj_tcbk40_default/quantum/send_string/send_string.o (symbol from plugin)
biton                                             .build/obj_tcbk40_default/quantum/bitwise.o (symbol from plugin)
biton16                                           .build/obj_tcbk40_default/quantum/bitwise.o (symbol from plugin)
biton32                                           .build/obj_tcbk40_default/quantum/bitwise.o (symbol from plugin)
bitpop                                            .build/obj_tcbk40_default/quantum/bitwise.o (symbol from plugin)
                                                  .build/obj_tcbk40_default/quantum/action_util.o (symbol from plugin)
bitpop16                                          .build/obj_tcbk40_default/quantum/bitwise.o (symbol from plugin)
bitpop32                                          .build/obj_tcbk40_default/quantum/bitwise.o (symbol from plugin)
bitrev                                            .build/obj_tcbk40_default/quantum/bitwise.o (symbol from plugin)
bitrev16                                          .build/obj_tcbk40_default/quantum/bitwise.o (symbol from plugin)
bitrev32                                          .build/obj_tcbk40_default/quantum/bitwise.o (symbol from plugin)
bitwise.c.ff2eac34                                C:\Users\Arthu\AppData\Local\Temp\ccqlOPzxdebugobj
bootloader_jump                                   .build/obj_tcbk40_default/platforms/avr/bootloaders/usbasploader.o (symbol from plugin)
                                                  .build/obj_tcbk40_default/quantum/bootmagic/bootmagic_lite.o (symbol from plugin)
                                                  .build/obj_tcbk40_default/quantum/quantum.o (symbol from plugin)
bootmagic                                         .build/obj_tcbk40_default/quantum/bootmagic/bootmagic_lite.o (symbol from plugin)
bootmagic_lite                                    .build/obj_tcbk40_default/quantum/bootmagic/bootmagic_lite.o (symbol from plugin)
bootmagic_lite.c.6ea5c23c                         C:\Users\Arthu\AppData\Local\Temp\ccqlOPzxdebugobj
                                                  C:\Users\Arthu\AppData\Local\Temp\cctgrQJO.ltrans0.ltrans.o
bootmagic_lite_reset_eeprom                       .build/obj_tcbk40_default/quantum/bootmagic/bootmagic_lite.o (symbol from plugin)
clear_keyboard                                    .build/obj_tcbk40_default/quantum/action.o (symbol from plugin)
                                                  .build/obj_tcbk40_default/lufa.o (symbol from plugin)
                                                  .build/obj_tcbk40_default/platforms/avr/suspend.o (symbol from plugin)
                                                  .build/obj_tcbk40_default/quantum/process_keycode/process_magic.o (symbol from plugin)
                                                  .build/obj_tcbk40_default/quantum/action_tapping.o (symbol from plugin)
                                                  .build/obj_tcbk40_default/quantum/quantum.o (symbol from plugin)
clear_keyboard_but_mods                           .build/obj_tcbk40_default/quantum/action.o (symbol from plugin)
clear_keyboard_but_mods_and_keys                  .build/obj_tcbk40_default/quantum/action.o (symbol from plugin)
clear_keys                                        .build/obj_tcbk40_default/quantum/action_util.o (symbol from plugin)
                                                  .build/obj_tcbk40_default/quantum/action.o (symbol from plugin)
clear_keys_from_report                            .build/obj_tcbk40_default/protocol/report.o (symbol from plugin)
                                                  .build/obj_tcbk40_default/quantum/action_util.o (symbol from plugin)
                                                  .build/obj_tcbk40_default/quantum/action.o (symbol from plugin)
clear_mods                                        .build/obj_tcbk40_default/quantum/action_util.o (symbol from plugin)
                                                  .build/obj_tcbk40_default/quantum/action.o (symbol from plugin)
clear_weak_mods                                   .build/obj_tcbk40_default/quantum/action_util.o (symbol from plugin)
                                                  .build/obj_tcbk40_default/quantum/action.o (symbol from plugin)
color.c.0174c45e                                  C:\Users\Arthu\AppData\Local\Temp\ccqlOPzxdebugobj
                                                  C:\Users\Arthu\AppData\Local\Temp\cctgrQJO.ltrans0.ltrans.o
debounce                                          .build/obj_tcbk40_default/quantum/debounce/sym_defer_g.o (symbol from plugin)
                                                  .build/obj_tcbk40_default/quantum/matrix.o (symbol from plugin)
                                                  .build/obj_tcbk40_default/quantum/matrix_common.o (symbol from plugin)
debounce_free                                     .build/obj_tcbk40_default/quantum/debounce/sym_defer_g.o (symbol from plugin)
debounce_init                                     .build/obj_tcbk40_default/quantum/debounce/sym_defer_g.o (symbol from plugin)
                                                  .build/obj_tcbk40_default/quantum/matrix.o (symbol from plugin)
                                                  .build/obj_tcbk40_default/quantum/matrix_common.o (symbol from plugin)
debug.c.07d0a554                                  C:\Users\Arthu\AppData\Local\Temp\ccqlOPzxdebugobj
                                                  C:\Users\Arthu\AppData\Local\Temp\cctgrQJO.ltrans0.ltrans.o
debug_action                                      .build/obj_tcbk40_default/quantum/action.o (symbol from plugin)